<?xml version="1.0" encoding="ISO-8859-1" ?>
<link_info>
   <banner>TMS320C2000 Linker PC v18.12.3.LTS</banner>
   <copyright>Copyright (c) 1996-2018 Texas Instruments Incorporated</copyright>
   <link_time>0x5eeb185a</link_time>
   <link_errors>0x0</link_errors>
   <output_file>PEC_GGber.out</output_file>
   <entry_point>
      <name>_c_int00</name>
      <address>0x338b51</address>
   </entry_point>
   <input_file_list>
      <input_file id="fl-2">
         <path>.\</path>
         <kind>object</kind>
         <file>main.obj</file>
         <name>main.obj</name>
      </input_file>
      <input_file id="fl-3">
         <path>.\Hardware\DSP_ADC\</path>
         <kind>object</kind>
         <file>dsp_adc.obj</file>
         <name>dsp_adc.obj</name>
      </input_file>
      <input_file id="fl-4">
         <path>.\Hardware\EPWM\</path>
         <kind>object</kind>
         <file>epwm.obj</file>
         <name>epwm.obj</name>
      </input_file>
      <input_file id="fl-5">
         <path>.\Hardware\FAN\</path>
         <kind>object</kind>
         <file>fan_epwm.obj</file>
         <name>fan_epwm.obj</name>
      </input_file>
      <input_file id="fl-6">
         <path>.\Hardware\LED\</path>
         <kind>object</kind>
         <file>led.obj</file>
         <name>led.obj</name>
      </input_file>
      <input_file id="fl-7">
         <path>.\Hardware\Mcbsp\</path>
         <kind>object</kind>
         <file>mcbsp.obj</file>
         <name>mcbsp.obj</name>
      </input_file>
      <input_file id="fl-8">
         <path>.\Hardware\PID\</path>
         <kind>object</kind>
         <file>con_pid.obj</file>
         <name>con_pid.obj</name>
      </input_file>
      <input_file id="fl-9">
         <path>.\Hardware\SCI\</path>
         <kind>object</kind>
         <file>sci.obj</file>
         <name>sci.obj</name>
      </input_file>
      <input_file id="fl-a">
         <path>.\Hardware\System\</path>
         <kind>object</kind>
         <file>system.obj</file>
         <name>system.obj</name>
      </input_file>
      <input_file id="fl-b">
         <path>.\Lib\source\</path>
         <kind>object</kind>
         <file>DSP2833x_ADC_cal.obj</file>
         <name>DSP2833x_ADC_cal.obj</name>
      </input_file>
      <input_file id="fl-c">
         <path>.\Lib\source\</path>
         <kind>object</kind>
         <file>DSP2833x_Adc.obj</file>
         <name>DSP2833x_Adc.obj</name>
      </input_file>
      <input_file id="fl-d">
         <path>.\Lib\source\</path>
         <kind>object</kind>
         <file>DSP2833x_CodeStartBranch.obj</file>
         <name>DSP2833x_CodeStartBranch.obj</name>
      </input_file>
      <input_file id="fl-e">
         <path>.\Lib\source\</path>
         <kind>object</kind>
         <file>DSP2833x_CpuTimers.obj</file>
         <name>DSP2833x_CpuTimers.obj</name>
      </input_file>
      <input_file id="fl-f">
         <path>.\Lib\source\</path>
         <kind>object</kind>
         <file>DSP2833x_DefaultIsr.obj</file>
         <name>DSP2833x_DefaultIsr.obj</name>
      </input_file>
      <input_file id="fl-10">
         <path>.\Lib\source\</path>
         <kind>object</kind>
         <file>DSP2833x_EPwm.obj</file>
         <name>DSP2833x_EPwm.obj</name>
      </input_file>
      <input_file id="fl-11">
         <path>.\Lib\source\</path>
         <kind>object</kind>
         <file>DSP2833x_GlobalVariableDefs.obj</file>
         <name>DSP2833x_GlobalVariableDefs.obj</name>
      </input_file>
      <input_file id="fl-12">
         <path>.\Lib\source\</path>
         <kind>object</kind>
         <file>DSP2833x_Gpio.obj</file>
         <name>DSP2833x_Gpio.obj</name>
      </input_file>
      <input_file id="fl-13">
         <path>.\Lib\source\</path>
         <kind>object</kind>
         <file>DSP2833x_Mcbsp.obj</file>
         <name>DSP2833x_Mcbsp.obj</name>
      </input_file>
      <input_file id="fl-14">
         <path>.\Lib\source\</path>
         <kind>object</kind>
         <file>DSP2833x_PieCtrl.obj</file>
         <name>DSP2833x_PieCtrl.obj</name>
      </input_file>
      <input_file id="fl-15">
         <path>.\Lib\source\</path>
         <kind>object</kind>
         <file>DSP2833x_PieVect.obj</file>
         <name>DSP2833x_PieVect.obj</name>
      </input_file>
      <input_file id="fl-16">
         <path>.\Lib\source\</path>
         <kind>object</kind>
         <file>DSP2833x_Sci.obj</file>
         <name>DSP2833x_Sci.obj</name>
      </input_file>
      <input_file id="fl-17">
         <path>.\Lib\source\</path>
         <kind>object</kind>
         <file>DSP2833x_SysCtrl.obj</file>
         <name>DSP2833x_SysCtrl.obj</name>
      </input_file>
      <input_file id="fl-18">
         <path>.\Lib\source\</path>
         <kind>object</kind>
         <file>DSP2833x_usDelay.obj</file>
         <name>DSP2833x_usDelay.obj</name>
      </input_file>
      <input_file id="fl-1d">
         <kind>object</kind>
         <file>&lt;internal&gt;</file>
         <name>&lt;internal&gt;</name>
      </input_file>
      <input_file id="fl-29">
         <path>D:\ti\ccs920\ccs\tools\compiler\ti-cgt-c2000_18.12.3.LTS\lib\</path>
         <kind>archive</kind>
         <file>rts2800_fpu32.lib</file>
         <name>boot28.asm.obj</name>
      </input_file>
      <input_file id="fl-2a">
         <path>D:\ti\ccs920\ccs\tools\compiler\ti-cgt-c2000_18.12.3.LTS\lib\</path>
         <kind>archive</kind>
         <file>rts2800_fpu32.lib</file>
         <name>fd_mpy28.asm.obj</name>
      </input_file>
      <input_file id="fl-2b">
         <path>D:\ti\ccs920\ccs\tools\compiler\ti-cgt-c2000_18.12.3.LTS\lib\</path>
         <kind>archive</kind>
         <file>rts2800_fpu32.lib</file>
         <name>fd_sub28.asm.obj</name>
      </input_file>
      <input_file id="fl-2c">
         <path>D:\ti\ccs920\ccs\tools\compiler\ti-cgt-c2000_18.12.3.LTS\lib\</path>
         <kind>archive</kind>
         <file>rts2800_fpu32.lib</file>
         <name>fd_toul28.asm.obj</name>
      </input_file>
      <input_file id="fl-2d">
         <path>D:\ti\ccs920\ccs\tools\compiler\ti-cgt-c2000_18.12.3.LTS\lib\</path>
         <kind>archive</kind>
         <file>rts2800_fpu32.lib</file>
         <name>fs_div28.asm.obj</name>
      </input_file>
      <input_file id="fl-2e">
         <path>D:\ti\ccs920\ccs\tools\compiler\ti-cgt-c2000_18.12.3.LTS\lib\</path>
         <kind>archive</kind>
         <file>rts2800_fpu32.lib</file>
         <name>u_tofd28.asm.obj</name>
      </input_file>
      <input_file id="fl-2f">
         <path>D:\ti\ccs920\ccs\tools\compiler\ti-cgt-c2000_18.12.3.LTS\lib\</path>
         <kind>archive</kind>
         <file>rts2800_fpu32.lib</file>
         <name>fd_div28.asm.obj</name>
      </input_file>
      <input_file id="fl-30">
         <path>D:\ti\ccs920\ccs\tools\compiler\ti-cgt-c2000_18.12.3.LTS\lib\</path>
         <kind>archive</kind>
         <file>rts2800_fpu32.lib</file>
         <name>cpy_tbl.c.obj</name>
      </input_file>
      <input_file id="fl-31">
         <path>D:\ti\ccs920\ccs\tools\compiler\ti-cgt-c2000_18.12.3.LTS\lib\</path>
         <kind>archive</kind>
         <file>rts2800_fpu32.lib</file>
         <name>memcpy.c.obj</name>
      </input_file>
      <input_file id="fl-32">
         <path>D:\ti\ccs920\ccs\tools\compiler\ti-cgt-c2000_18.12.3.LTS\lib\</path>
         <kind>archive</kind>
         <file>rts2800_fpu32.lib</file>
         <name>pre_init.c.obj</name>
      </input_file>
      <input_file id="fl-33">
         <path>D:\ti\ccs920\ccs\tools\compiler\ti-cgt-c2000_18.12.3.LTS\lib\</path>
         <kind>archive</kind>
         <file>rts2800_fpu32.lib</file>
         <name>startup.c.obj</name>
      </input_file>
      <input_file id="fl-34">
         <path>D:\ti\ccs920\ccs\tools\compiler\ti-cgt-c2000_18.12.3.LTS\lib\</path>
         <kind>archive</kind>
         <file>rts2800_fpu32.lib</file>
         <name>exit.c.obj</name>
      </input_file>
      <input_file id="fl-35">
         <path>D:\ti\ccs920\ccs\tools\compiler\ti-cgt-c2000_18.12.3.LTS\lib\</path>
         <kind>archive</kind>
         <file>rts2800_fpu32.lib</file>
         <name>_lock.c.obj</name>
      </input_file>
      <input_file id="fl-36">
         <path>D:\ti\ccs920\ccs\tools\compiler\ti-cgt-c2000_18.12.3.LTS\lib\</path>
         <kind>archive</kind>
         <file>rts2800_fpu32.lib</file>
         <name>args_main.c.obj</name>
      </input_file>
      <input_file id="fl-37">
         <path>D:\ti\ccs920\ccs\tools\compiler\ti-cgt-c2000_18.12.3.LTS\lib\</path>
         <kind>archive</kind>
         <file>rts2800_fpu32.lib</file>
         <name>fd_add28.asm.obj</name>
      </input_file>
   </input_file_list>
   <object_component_list>
      <object_component id="oc-df">
         <name>PieVectTableFile</name>
         <uninitialized>true</uninitialized>
         <run_address>0xd00</run_address>
         <size>0x100</size>
         <input_file_ref idref="fl-11"/>
      </object_component>
      <object_component id="oc-db">
         <name>DevEmuRegsFile</name>
         <uninitialized>true</uninitialized>
         <run_address>0x880</run_address>
         <size>0xd0</size>
         <input_file_ref idref="fl-11"/>
      </object_component>
      <object_component id="oc-b3">
         <name>FlashRegsFile</name>
         <uninitialized>true</uninitialized>
         <run_address>0xa80</run_address>
         <size>0x8</size>
         <input_file_ref idref="fl-11"/>
      </object_component>
      <object_component id="oc-b6">
         <name>CsmRegsFile</name>
         <uninitialized>true</uninitialized>
         <run_address>0xae0</run_address>
         <size>0x10</size>
         <input_file_ref idref="fl-11"/>
      </object_component>
      <object_component id="oc-b5">
         <name>AdcMirrorFile</name>
         <uninitialized>true</uninitialized>
         <run_address>0xb00</run_address>
         <size>0x10</size>
         <input_file_ref idref="fl-11"/>
      </object_component>
      <object_component id="oc-be">
         <name>XintfRegsFile</name>
         <uninitialized>true</uninitialized>
         <run_address>0xb20</run_address>
         <size>0x1e</size>
         <input_file_ref idref="fl-11"/>
      </object_component>
      <object_component id="oc-af">
         <name>CpuTimer0RegsFile</name>
         <uninitialized>true</uninitialized>
         <run_address>0xc00</run_address>
         <size>0x8</size>
         <input_file_ref idref="fl-11"/>
      </object_component>
      <object_component id="oc-b0">
         <name>CpuTimer1RegsFile</name>
         <uninitialized>true</uninitialized>
         <run_address>0xc08</run_address>
         <size>0x8</size>
         <input_file_ref idref="fl-11"/>
      </object_component>
      <object_component id="oc-b1">
         <name>CpuTimer2RegsFile</name>
         <uninitialized>true</uninitialized>
         <run_address>0xc10</run_address>
         <size>0x8</size>
         <input_file_ref idref="fl-11"/>
      </object_component>
      <object_component id="oc-bc">
         <name>PieCtrlRegsFile</name>
         <uninitialized>true</uninitialized>
         <run_address>0xce0</run_address>
         <size>0x1a</size>
         <input_file_ref idref="fl-11"/>
      </object_component>
      <object_component id="oc-dc">
         <name>DmaRegsFile</name>
         <uninitialized>true</uninitialized>
         <run_address>0x1000</run_address>
         <size>0xe0</size>
         <input_file_ref idref="fl-11"/>
      </object_component>
      <object_component id="oc-ce">
         <name>McbspaRegsFile</name>
         <uninitialized>true</uninitialized>
         <run_address>0x5000</run_address>
         <size>0x25</size>
         <input_file_ref idref="fl-11"/>
      </object_component>
      <object_component id="oc-cf">
         <name>McbspbRegsFile</name>
         <uninitialized>true</uninitialized>
         <run_address>0x5040</run_address>
         <size>0x25</size>
         <input_file_ref idref="fl-11"/>
      </object_component>
      <object_component id="oc-d1">
         <name>ECanaRegsFile</name>
         <uninitialized>true</uninitialized>
         <run_address>0x6000</run_address>
         <size>0x34</size>
         <input_file_ref idref="fl-11"/>
      </object_component>
      <object_component id="oc-d3">
         <name>ECanaLAMRegsFile</name>
         <uninitialized>true</uninitialized>
         <run_address>0x6040</run_address>
         <size>0x40</size>
         <input_file_ref idref="fl-11"/>
      </object_component>
      <object_component id="oc-dd">
         <name>ECanaMboxesFile</name>
         <uninitialized>true</uninitialized>
         <run_address>0x6100</run_address>
         <size>0x100</size>
         <input_file_ref idref="fl-11"/>
      </object_component>
      <object_component id="oc-d4">
         <name>ECanaMOTSRegsFile</name>
         <uninitialized>true</uninitialized>
         <run_address>0x6080</run_address>
         <size>0x40</size>
         <input_file_ref idref="fl-11"/>
      </object_component>
      <object_component id="oc-d5">
         <name>ECanaMOTORegsFile</name>
         <uninitialized>true</uninitialized>
         <run_address>0x60c0</run_address>
         <size>0x40</size>
         <input_file_ref idref="fl-11"/>
      </object_component>
      <object_component id="oc-d2">
         <name>ECanbRegsFile</name>
         <uninitialized>true</uninitialized>
         <run_address>0x6200</run_address>
         <size>0x34</size>
         <input_file_ref idref="fl-11"/>
      </object_component>
      <object_component id="oc-d6">
         <name>ECanbLAMRegsFile</name>
         <uninitialized>true</uninitialized>
         <run_address>0x6240</run_address>
         <size>0x40</size>
         <input_file_ref idref="fl-11"/>
      </object_component>
      <object_component id="oc-de">
         <name>ECanbMboxesFile</name>
         <uninitialized>true</uninitialized>
         <run_address>0x6300</run_address>
         <size>0x100</size>
         <input_file_ref idref="fl-11"/>
      </object_component>
      <object_component id="oc-d7">
         <name>ECanbMOTSRegsFile</name>
         <uninitialized>true</uninitialized>
         <run_address>0x6280</run_address>
         <size>0x40</size>
         <input_file_ref idref="fl-11"/>
      </object_component>
      <object_component id="oc-d8">
         <name>ECanbMOTORegsFile</name>
         <uninitialized>true</uninitialized>
         <run_address>0x62c0</run_address>
         <size>0x40</size>
         <input_file_ref idref="fl-11"/>
      </object_component>
      <object_component id="oc-c7">
         <name>EPwm1RegsFile</name>
         <uninitialized>true</uninitialized>
         <run_address>0x6800</run_address>
         <size>0x22</size>
         <input_file_ref idref="fl-11"/>
      </object_component>
      <object_component id="oc-c8">
         <name>EPwm2RegsFile</name>
         <uninitialized>true</uninitialized>
         <run_address>0x6840</run_address>
         <size>0x22</size>
         <input_file_ref idref="fl-11"/>
      </object_component>
      <object_component id="oc-c9">
         <name>EPwm3RegsFile</name>
         <uninitialized>true</uninitialized>
         <run_address>0x6880</run_address>
         <size>0x22</size>
         <input_file_ref idref="fl-11"/>
      </object_component>
      <object_component id="oc-ca">
         <name>EPwm4RegsFile</name>
         <uninitialized>true</uninitialized>
         <run_address>0x68c0</run_address>
         <size>0x22</size>
         <input_file_ref idref="fl-11"/>
      </object_component>
      <object_component id="oc-cb">
         <name>EPwm5RegsFile</name>
         <uninitialized>true</uninitialized>
         <run_address>0x6900</run_address>
         <size>0x22</size>
         <input_file_ref idref="fl-11"/>
      </object_component>
      <object_component id="oc-cc">
         <name>EPwm6RegsFile</name>
         <uninitialized>true</uninitialized>
         <run_address>0x6940</run_address>
         <size>0x22</size>
         <input_file_ref idref="fl-11"/>
      </object_component>
      <object_component id="oc-bf">
         <name>ECap1RegsFile</name>
         <uninitialized>true</uninitialized>
         <run_address>0x6a00</run_address>
         <size>0x20</size>
         <input_file_ref idref="fl-11"/>
      </object_component>
      <object_component id="oc-c0">
         <name>ECap2RegsFile</name>
         <uninitialized>true</uninitialized>
         <run_address>0x6a20</run_address>
         <size>0x20</size>
         <input_file_ref idref="fl-11"/>
      </object_component>
      <object_component id="oc-c1">
         <name>ECap3RegsFile</name>
         <uninitialized>true</uninitialized>
         <run_address>0x6a40</run_address>
         <size>0x20</size>
         <input_file_ref idref="fl-11"/>
      </object_component>
      <object_component id="oc-c2">
         <name>ECap4RegsFile</name>
         <uninitialized>true</uninitialized>
         <run_address>0x6a60</run_address>
         <size>0x20</size>
         <input_file_ref idref="fl-11"/>
      </object_component>
      <object_component id="oc-c3">
         <name>ECap5RegsFile</name>
         <uninitialized>true</uninitialized>
         <run_address>0x6a80</run_address>
         <size>0x20</size>
         <input_file_ref idref="fl-11"/>
      </object_component>
      <object_component id="oc-c4">
         <name>ECap6RegsFile</name>
         <uninitialized>true</uninitialized>
         <run_address>0x6aa0</run_address>
         <size>0x20</size>
         <input_file_ref idref="fl-11"/>
      </object_component>
      <object_component id="oc-d9">
         <name>EQep1RegsFile</name>
         <uninitialized>true</uninitialized>
         <run_address>0x6b00</run_address>
         <size>0x40</size>
         <input_file_ref idref="fl-11"/>
      </object_component>
      <object_component id="oc-da">
         <name>EQep2RegsFile</name>
         <uninitialized>true</uninitialized>
         <run_address>0x6b40</run_address>
         <size>0x40</size>
         <input_file_ref idref="fl-11"/>
      </object_component>
      <object_component id="oc-d0">
         <name>GpioCtrlRegsFile</name>
         <uninitialized>true</uninitialized>
         <run_address>0x6f80</run_address>
         <size>0x2e</size>
         <input_file_ref idref="fl-11"/>
      </object_component>
      <object_component id="oc-c5">
         <name>GpioDataRegsFile</name>
         <uninitialized>true</uninitialized>
         <run_address>0x6fc0</run_address>
         <size>0x20</size>
         <input_file_ref idref="fl-11"/>
      </object_component>
      <object_component id="oc-b4">
         <name>GpioIntRegsFile</name>
         <uninitialized>true</uninitialized>
         <run_address>0x6fe0</run_address>
         <size>0xa</size>
         <input_file_ref idref="fl-11"/>
      </object_component>
      <object_component id="oc-c6">
         <name>SysCtrlRegsFile</name>
         <uninitialized>true</uninitialized>
         <run_address>0x7010</run_address>
         <size>0x20</size>
         <input_file_ref idref="fl-11"/>
      </object_component>
      <object_component id="oc-ba">
         <name>SpiaRegsFile</name>
         <uninitialized>true</uninitialized>
         <run_address>0x7040</run_address>
         <size>0x10</size>
         <input_file_ref idref="fl-11"/>
      </object_component>
      <object_component id="oc-b7">
         <name>SciaRegsFile</name>
         <uninitialized>true</uninitialized>
         <run_address>0x7050</run_address>
         <size>0x10</size>
         <input_file_ref idref="fl-11"/>
      </object_component>
      <object_component id="oc-bb">
         <name>XIntruptRegsFile</name>
         <uninitialized>true</uninitialized>
         <run_address>0x7070</run_address>
         <size>0x10</size>
         <input_file_ref idref="fl-11"/>
      </object_component>
      <object_component id="oc-bd">
         <name>AdcRegsFile</name>
         <uninitialized>true</uninitialized>
         <run_address>0x7100</run_address>
         <size>0x1e</size>
         <input_file_ref idref="fl-11"/>
      </object_component>
      <object_component id="oc-b8">
         <name>ScibRegsFile</name>
         <uninitialized>true</uninitialized>
         <run_address>0x7750</run_address>
         <size>0x10</size>
         <input_file_ref idref="fl-11"/>
      </object_component>
      <object_component id="oc-b9">
         <name>ScicRegsFile</name>
         <uninitialized>true</uninitialized>
         <run_address>0x7770</run_address>
         <size>0x10</size>
         <input_file_ref idref="fl-11"/>
      </object_component>
      <object_component id="oc-cd">
         <name>I2caRegsFile</name>
         <uninitialized>true</uninitialized>
         <run_address>0x7900</run_address>
         <size>0x22</size>
         <input_file_ref idref="fl-11"/>
      </object_component>
      <object_component id="oc-b2">
         <name>CsmPwlFile</name>
         <uninitialized>true</uninitialized>
         <run_address>0x33fff8</run_address>
         <size>0x8</size>
         <input_file_ref idref="fl-11"/>
      </object_component>
      <object_component id="oc-ae">
         <name>PartIdRegsFile</name>
         <uninitialized>true</uninitialized>
         <run_address>0x380090</run_address>
         <size>0x1</size>
         <input_file_ref idref="fl-11"/>
      </object_component>
      <object_component id="oc-59">
         <name>.cinit</name>
         <load_address>0x338f36</load_address>
         <run_address>0x338f36</run_address>
         <size>0xf</size>
         <input_file_ref idref="fl-4"/>
      </object_component>
      <object_component id="oc-13d">
         <name>.cinit</name>
         <load_address>0x338f45</load_address>
         <run_address>0x338f45</run_address>
         <size>0xe</size>
         <input_file_ref idref="fl-34"/>
      </object_component>
      <object_component id="oc-15c">
         <name>.cinit:__lock</name>
         <load_address>0x338f53</load_address>
         <run_address>0x338f53</run_address>
         <size>0x5</size>
         <input_file_ref idref="fl-35"/>
      </object_component>
      <object_component id="oc-165">
         <name>.cinit:__unlock</name>
         <load_address>0x338f58</load_address>
         <run_address>0x338f58</run_address>
         <size>0x5</size>
         <input_file_ref idref="fl-35"/>
      </object_component>
      <object_component id="oc-74">
         <name>.cinit</name>
         <load_address>0x338f5d</load_address>
         <run_address>0x338f5d</run_address>
         <size>0x5</size>
         <input_file_ref idref="fl-8"/>
      </object_component>
      <object_component id="oc-61">
         <name>.cinit</name>
         <load_address>0x338f62</load_address>
         <run_address>0x338f62</run_address>
         <size>0x4</size>
         <input_file_ref idref="fl-5"/>
      </object_component>
      <object_component id="oc-7b">
         <name>.cinit</name>
         <load_address>0x338f66</load_address>
         <run_address>0x338f66</run_address>
         <size>0x4</size>
         <input_file_ref idref="fl-9"/>
      </object_component>
      <object_component id="oc-84">
         <name>.cinit</name>
         <load_address>0x338f6a</load_address>
         <run_address>0x338f6a</run_address>
         <size>0x4</size>
         <input_file_ref idref="fl-a"/>
      </object_component>
      <object_component id="oc-a3">
         <name>.text:retain</name>
         <load_address>0x338000</load_address>
         <run_address>0x338000</run_address>
         <size>0x316</size>
         <input_file_ref idref="fl-f"/>
      </object_component>
      <object_component id="oc-16c">
         <name>.text</name>
         <load_address>0x338316</load_address>
         <run_address>0x338316</run_address>
         <size>0x186</size>
         <input_file_ref idref="fl-13"/>
      </object_component>
      <object_component id="oc-163">
         <name>.text</name>
         <load_address>0x33849c</load_address>
         <run_address>0x33849c</run_address>
         <size>0x112</size>
         <input_file_ref idref="fl-9"/>
      </object_component>
      <object_component id="oc-166">
         <name>.text</name>
         <load_address>0x3385ae</load_address>
         <run_address>0x3385ae</run_address>
         <size>0xf8</size>
         <input_file_ref idref="fl-17"/>
      </object_component>
      <object_component id="oc-16f">
         <name>.text</name>
         <load_address>0x3386a6</load_address>
         <run_address>0x3386a6</run_address>
         <size>0xbe</size>
         <input_file_ref idref="fl-10"/>
      </object_component>
      <object_component id="oc-14d">
         <name>.text</name>
         <load_address>0x338764</load_address>
         <run_address>0x338764</run_address>
         <size>0x9c</size>
         <input_file_ref idref="fl-37"/>
      </object_component>
      <object_component id="oc-123">
         <name>.text</name>
         <load_address>0x338800</load_address>
         <run_address>0x338800</run_address>
         <size>0x8b</size>
         <input_file_ref idref="fl-2f"/>
      </object_component>
      <object_component id="oc-119">
         <name>.text</name>
         <load_address>0x33888b</load_address>
         <run_address>0x33888b</run_address>
         <size>0x88</size>
         <input_file_ref idref="fl-2d"/>
      </object_component>
      <object_component id="oc-10a">
         <name>.text</name>
         <load_address>0x338913</load_address>
         <run_address>0x338913</run_address>
         <size>0x83</size>
         <input_file_ref idref="fl-2a"/>
      </object_component>
      <object_component id="oc-15e">
         <name>.text</name>
         <load_address>0x338996</load_address>
         <run_address>0x338996</run_address>
         <size>0x78</size>
         <input_file_ref idref="fl-6"/>
      </object_component>
      <object_component id="oc-16b">
         <name>.text</name>
         <load_address>0x338a0e</load_address>
         <run_address>0x338a0e</run_address>
         <size>0x73</size>
         <input_file_ref idref="fl-e"/>
      </object_component>
      <object_component id="oc-15f">
         <name>.text</name>
         <load_address>0x338a81</load_address>
         <run_address>0x338a81</run_address>
         <size>0x6c</size>
         <input_file_ref idref="fl-7"/>
      </object_component>
      <object_component id="oc-160">
         <name>.text</name>
         <load_address>0x338aed</load_address>
         <run_address>0x338aed</run_address>
         <size>0x64</size>
         <input_file_ref idref="fl-4"/>
      </object_component>
      <object_component id="oc-4c">
         <name>.text</name>
         <load_address>0x338b51</load_address>
         <run_address>0x338b51</run_address>
         <size>0x56</size>
         <input_file_ref idref="fl-29"/>
      </object_component>
      <object_component id="oc-15d">
         <name>.text</name>
         <load_address>0x338ba7</load_address>
         <run_address>0x338ba7</run_address>
         <size>0x51</size>
         <input_file_ref idref="fl-a"/>
      </object_component>
      <object_component id="oc-170">
         <name>.text</name>
         <load_address>0x338bf8</load_address>
         <run_address>0x338bf8</run_address>
         <size>0x46</size>
         <input_file_ref idref="fl-16"/>
      </object_component>
      <object_component id="oc-161">
         <name>.text</name>
         <load_address>0x338c3e</load_address>
         <run_address>0x338c3e</run_address>
         <size>0x3f</size>
         <input_file_ref idref="fl-5"/>
      </object_component>
      <object_component id="oc-162">
         <name>.text</name>
         <load_address>0x338c7d</load_address>
         <run_address>0x338c7d</run_address>
         <size>0x35</size>
         <input_file_ref idref="fl-3"/>
      </object_component>
      <object_component id="oc-156">
         <name>.text</name>
         <load_address>0x338cb2</load_address>
         <run_address>0x338cb2</run_address>
         <size>0x29</size>
         <input_file_ref idref="fl-34"/>
      </object_component>
      <object_component id="oc-168">
         <name>.text</name>
         <load_address>0x338cdb</load_address>
         <run_address>0x338cdb</run_address>
         <size>0x28</size>
         <input_file_ref idref="fl-14"/>
      </object_component>
      <object_component id="oc-153">
         <name>.text</name>
         <load_address>0x338d03</load_address>
         <run_address>0x338d03</run_address>
         <size>0x24</size>
         <input_file_ref idref="fl-30"/>
      </object_component>
      <object_component id="oc-169">
         <name>.text</name>
         <load_address>0x338d27</load_address>
         <run_address>0x338d27</run_address>
         <size>0x20</size>
         <input_file_ref idref="fl-15"/>
      </object_component>
      <object_component id="oc-15a">
         <name>.text</name>
         <load_address>0x338d47</load_address>
         <run_address>0x338d47</run_address>
         <size>0x20</size>
         <input_file_ref idref="fl-2"/>
      </object_component>
      <object_component id="oc-7e">
         <name>.text:retain</name>
         <load_address>0x338d67</load_address>
         <run_address>0x338d67</run_address>
         <size>0x1d</size>
         <input_file_ref idref="fl-9"/>
      </object_component>
      <object_component id="oc-159">
         <name>.text</name>
         <load_address>0x338d84</load_address>
         <run_address>0x338d84</run_address>
         <size>0x1d</size>
         <input_file_ref idref="fl-31"/>
      </object_component>
      <object_component id="oc-114">
         <name>.text</name>
         <load_address>0x338da1</load_address>
         <run_address>0x338da1</run_address>
         <size>0x1b</size>
         <input_file_ref idref="fl-2c"/>
      </object_component>
      <object_component id="oc-155">
         <name>.text</name>
         <load_address>0x338dbc</load_address>
         <run_address>0x338dbc</run_address>
         <size>0x19</size>
         <input_file_ref idref="fl-36"/>
      </object_component>
      <object_component id="oc-167">
         <name>.text</name>
         <load_address>0x338dd5</load_address>
         <run_address>0x338dd5</run_address>
         <size>0x17</size>
         <input_file_ref idref="fl-12"/>
      </object_component>
      <object_component id="oc-11e">
         <name>.text</name>
         <load_address>0x338dec</load_address>
         <run_address>0x338dec</run_address>
         <size>0x17</size>
         <input_file_ref idref="fl-2e"/>
      </object_component>
      <object_component id="oc-10f">
         <name>.text</name>
         <load_address>0x338e03</load_address>
         <run_address>0x338e03</run_address>
         <size>0xe</size>
         <input_file_ref idref="fl-2b"/>
      </object_component>
      <object_component id="oc-164">
         <name>.text</name>
         <load_address>0x338e11</load_address>
         <run_address>0x338e11</run_address>
         <size>0x9</size>
         <input_file_ref idref="fl-35"/>
      </object_component>
      <object_component id="oc-96">
         <name>.text</name>
         <load_address>0x338e1a</load_address>
         <run_address>0x338e1a</run_address>
         <size>0x8</size>
         <input_file_ref idref="fl-d"/>
      </object_component>
      <object_component id="oc-152">
         <name>.text</name>
         <load_address>0x338e22</load_address>
         <run_address>0x338e22</run_address>
         <size>0x2</size>
         <input_file_ref idref="fl-32"/>
      </object_component>
      <object_component id="oc-154">
         <name>.text</name>
         <load_address>0x338e24</load_address>
         <run_address>0x338e24</run_address>
         <size>0x1</size>
         <input_file_ref idref="fl-33"/>
      </object_component>
      <object_component id="oc-97">
         <name>codestart</name>
         <load_address>0x33fff6</load_address>
         <run_address>0x33fff6</run_address>
         <size>0x2</size>
         <input_file_ref idref="fl-d"/>
      </object_component>
      <object_component id="oc-16e">
         <name>ramfuncs</name>
         <load_address>0x320000</load_address>
         <run_address>0x8000</run_address>
         <size>0x1c9</size>
         <input_file_ref idref="fl-4"/>
      </object_component>
      <object_component id="oc-158">
         <name>ramfuncs</name>
         <load_address>0x3201c9</load_address>
         <run_address>0x81c9</run_address>
         <size>0x5a</size>
         <input_file_ref idref="fl-9"/>
      </object_component>
      <object_component id="oc-7d">
         <name>ramfuncs:retain</name>
         <load_address>0x320223</load_address>
         <run_address>0x8223</run_address>
         <size>0x52</size>
         <input_file_ref idref="fl-9"/>
      </object_component>
      <object_component id="oc-16d">
         <name>ramfuncs</name>
         <load_address>0x320275</load_address>
         <run_address>0x8275</run_address>
         <size>0x42</size>
         <input_file_ref idref="fl-a"/>
      </object_component>
      <object_component id="oc-53">
         <name>ramfuncs:retain</name>
         <load_address>0x3202b7</load_address>
         <run_address>0x82b7</run_address>
         <size>0x25</size>
         <input_file_ref idref="fl-3"/>
      </object_component>
      <object_component id="oc-16a">
         <name>ramfuncs</name>
         <load_address>0x3202dc</load_address>
         <run_address>0x82dc</run_address>
         <size>0x1b</size>
         <input_file_ref idref="fl-17"/>
      </object_component>
      <object_component id="oc-5b">
         <name>ramfuncs:retain</name>
         <load_address>0x3202f7</load_address>
         <run_address>0x82f7</run_address>
         <size>0x15</size>
         <input_file_ref idref="fl-4"/>
      </object_component>
      <object_component id="oc-86">
         <name>ramfuncs:retain</name>
         <load_address>0x32030c</load_address>
         <run_address>0x830c</run_address>
         <size>0x14</size>
         <input_file_ref idref="fl-a"/>
      </object_component>
      <object_component id="oc-6e">
         <name>ramfuncs:retain</name>
         <load_address>0x320320</load_address>
         <run_address>0x8320</run_address>
         <size>0x11</size>
         <input_file_ref idref="fl-7"/>
      </object_component>
      <object_component id="oc-ff">
         <name>ramfuncs</name>
         <load_address>0x320331</load_address>
         <run_address>0x8331</run_address>
         <size>0x4</size>
         <input_file_ref idref="fl-18"/>
      </object_component>
      <object_component id="oc-104">
         <name>.stack</name>
         <uninitialized>true</uninitialized>
         <run_address>0x400</run_address>
         <size>0x0</size>
         <input_file_ref idref="fl-29"/>
      </object_component>
      <object_component id="oc-1c8">
         <name>.stack</name>
         <uninitialized>true</uninitialized>
         <run_address>0x400</run_address>
         <size>0x0</size>
      </object_component>
      <object_component id="oc-5a">
         <name>.ebss</name>
         <load_address>0xc000</load_address>
         <run_address>0xc000</run_address>
         <size>0x81c</size>
         <input_file_ref idref="fl-4"/>
      </object_component>
      <object_component id="oc-9d">
         <name>.ebss</name>
         <load_address>0xc81c</load_address>
         <run_address>0xc81c</run_address>
         <size>0x18</size>
         <input_file_ref idref="fl-e"/>
      </object_component>
      <object_component id="oc-62">
         <name>.ebss</name>
         <load_address>0xc834</load_address>
         <run_address>0xc834</run_address>
         <size>0xc</size>
         <input_file_ref idref="fl-5"/>
      </object_component>
      <object_component id="oc-6d">
         <name>.ebss</name>
         <load_address>0xc840</load_address>
         <run_address>0xc840</run_address>
         <size>0x6</size>
         <input_file_ref idref="fl-7"/>
      </object_component>
      <object_component id="oc-13e">
         <name>.ebss</name>
         <load_address>0xc846</load_address>
         <run_address>0xc846</run_address>
         <size>0x6</size>
         <input_file_ref idref="fl-34"/>
      </object_component>
      <object_component id="oc-15b">
         <name>.ebss:__lock</name>
         <load_address>0xc84c</load_address>
         <run_address>0xc84c</run_address>
         <size>0x2</size>
         <input_file_ref idref="fl-35"/>
      </object_component>
      <object_component id="oc-171">
         <name>.ebss:__unlock</name>
         <load_address>0xc84e</load_address>
         <run_address>0xc84e</run_address>
         <size>0x2</size>
         <input_file_ref idref="fl-35"/>
      </object_component>
      <object_component id="oc-157">
         <name>.ebss:_adc_val</name>
         <load_address>0xc850</load_address>
         <run_address>0xc850</run_address>
         <size>0x2</size>
         <input_file_ref idref="fl-3"/>
      </object_component>
      <object_component id="oc-75">
         <name>.ebss</name>
         <load_address>0xc852</load_address>
         <run_address>0xc852</run_address>
         <size>0x2</size>
         <input_file_ref idref="fl-8"/>
      </object_component>
      <object_component id="oc-7c">
         <name>.ebss</name>
         <load_address>0xc854</load_address>
         <run_address>0xc854</run_address>
         <size>0x1</size>
         <input_file_ref idref="fl-9"/>
      </object_component>
      <object_component id="oc-85">
         <name>.ebss</name>
         <load_address>0xc855</load_address>
         <run_address>0xc855</run_address>
         <size>0x1</size>
         <input_file_ref idref="fl-a"/>
      </object_component>
      <object_component id="oc-172">
         <name>.econst:_PieVectTableInit</name>
         <load_address>0x338e26</load_address>
         <run_address>0x338e26</run_address>
         <size>0x100</size>
         <input_file_ref idref="fl-15"/>
      </object_component>
      <object_component id="oc-87">
         <name>.econst</name>
         <load_address>0x338f26</load_address>
         <run_address>0x338f26</run_address>
         <size>0x10</size>
         <input_file_ref idref="fl-a"/>
      </object_component>
      <object_component id="oc-105">
         <name>.reset</name>
         <load_address>0x3fffc0</load_address>
         <run_address>0x3fffc0</run_address>
         <size>0x2</size>
         <input_file_ref idref="fl-29"/>
      </object_component>
      <object_component id="oc-8c">
         <name>.adc_cal</name>
         <load_address>0x380080</load_address>
         <run_address>0x380080</run_address>
         <size>0x7</size>
         <input_file_ref idref="fl-b"/>
      </object_component>
      <object_component id="oc-4d">
         <name>.debug_info</name>
         <load_address>0x0</load_address>
         <run_address>0x0</run_address>
         <size>0x59d</size>
         <input_file_ref idref="fl-2"/>
      </object_component>
      <object_component id="oc-52">
         <name>.debug_info</name>
         <load_address>0x59d</load_address>
         <run_address>0x59d</run_address>
         <size>0x26b4</size>
         <input_file_ref idref="fl-3"/>
      </object_component>
      <object_component id="oc-58">
         <name>.debug_info</name>
         <load_address>0x2c51</load_address>
         <run_address>0x2c51</run_address>
         <size>0x6131</size>
         <input_file_ref idref="fl-4"/>
      </object_component>
      <object_component id="oc-60">
         <name>.debug_info</name>
         <load_address>0x8d82</load_address>
         <run_address>0x8d82</run_address>
         <size>0x27b5</size>
         <input_file_ref idref="fl-5"/>
      </object_component>
      <object_component id="oc-67">
         <name>.debug_info</name>
         <load_address>0xb537</load_address>
         <run_address>0xb537</run_address>
         <size>0x1e5c</size>
         <input_file_ref idref="fl-6"/>
      </object_component>
      <object_component id="oc-6c">
         <name>.debug_info</name>
         <load_address>0xd393</load_address>
         <run_address>0xd393</run_address>
         <size>0x6787</size>
         <input_file_ref idref="fl-7"/>
      </object_component>
      <object_component id="oc-73">
         <name>.debug_info</name>
         <load_address>0x13b1a</load_address>
         <run_address>0x13b1a</run_address>
         <size>0x1a66</size>
         <input_file_ref idref="fl-8"/>
      </object_component>
      <object_component id="oc-7a">
         <name>.debug_info</name>
         <load_address>0x15580</load_address>
         <run_address>0x15580</run_address>
         <size>0x2b66</size>
         <input_file_ref idref="fl-9"/>
      </object_component>
      <object_component id="oc-83">
         <name>.debug_info</name>
         <load_address>0x180e6</load_address>
         <run_address>0x180e6</run_address>
         <size>0x22da</size>
         <input_file_ref idref="fl-a"/>
      </object_component>
      <object_component id="oc-8e">
         <name>.debug_info</name>
         <load_address>0x1a3c0</load_address>
         <run_address>0x1a3c0</run_address>
         <size>0xf3</size>
         <input_file_ref idref="fl-b"/>
      </object_component>
      <object_component id="oc-91">
         <name>.debug_info</name>
         <load_address>0x1a4b3</load_address>
         <run_address>0x1a4b3</run_address>
         <size>0x1e5e</size>
         <input_file_ref idref="fl-c"/>
      </object_component>
      <object_component id="oc-99">
         <name>.debug_info</name>
         <load_address>0x1c311</load_address>
         <run_address>0x1c311</run_address>
         <size>0x135</size>
         <input_file_ref idref="fl-d"/>
      </object_component>
      <object_component id="oc-9c">
         <name>.debug_info</name>
         <load_address>0x1c446</load_address>
         <run_address>0x1c446</run_address>
         <size>0x98c</size>
         <input_file_ref idref="fl-e"/>
      </object_component>
      <object_component id="oc-a2">
         <name>.debug_info</name>
         <load_address>0x1cdd2</load_address>
         <run_address>0x1cdd2</run_address>
         <size>0x2695</size>
         <input_file_ref idref="fl-f"/>
      </object_component>
      <object_component id="oc-a8">
         <name>.debug_info</name>
         <load_address>0x1f467</load_address>
         <run_address>0x1f467</run_address>
         <size>0x202c</size>
         <input_file_ref idref="fl-10"/>
      </object_component>
      <object_component id="oc-ad">
         <name>.debug_info</name>
         <load_address>0x21493</load_address>
         <run_address>0x21493</run_address>
         <size>0x1341b</size>
         <input_file_ref idref="fl-11"/>
      </object_component>
      <object_component id="oc-e1">
         <name>.debug_info</name>
         <load_address>0x348ae</load_address>
         <run_address>0x348ae</run_address>
         <size>0x1bcd</size>
         <input_file_ref idref="fl-12"/>
      </object_component>
      <object_component id="oc-e6">
         <name>.debug_info</name>
         <load_address>0x3647b</load_address>
         <run_address>0x3647b</run_address>
         <size>0x535c</size>
         <input_file_ref idref="fl-13"/>
      </object_component>
      <object_component id="oc-eb">
         <name>.debug_info</name>
         <load_address>0x3b7d7</load_address>
         <run_address>0x3b7d7</run_address>
         <size>0xb34</size>
         <input_file_ref idref="fl-14"/>
      </object_component>
      <object_component id="oc-f0">
         <name>.debug_info</name>
         <load_address>0x3c30b</load_address>
         <run_address>0x3c30b</run_address>
         <size>0x22aa</size>
         <input_file_ref idref="fl-15"/>
      </object_component>
      <object_component id="oc-f5">
         <name>.debug_info</name>
         <load_address>0x3e5b5</load_address>
         <run_address>0x3e5b5</run_address>
         <size>0x1daa</size>
         <input_file_ref idref="fl-16"/>
      </object_component>
      <object_component id="oc-fa">
         <name>.debug_info</name>
         <load_address>0x4035f</load_address>
         <run_address>0x4035f</run_address>
         <size>0x2116</size>
         <input_file_ref idref="fl-17"/>
      </object_component>
      <object_component id="oc-101">
         <name>.debug_info</name>
         <load_address>0x42475</load_address>
         <run_address>0x42475</run_address>
         <size>0xf3</size>
         <input_file_ref idref="fl-18"/>
      </object_component>
      <object_component id="oc-106">
         <name>.debug_info</name>
         <load_address>0x42568</load_address>
         <run_address>0x42568</run_address>
         <size>0x174</size>
         <input_file_ref idref="fl-29"/>
      </object_component>
      <object_component id="oc-10b">
         <name>.debug_info</name>
         <load_address>0x426dc</load_address>
         <run_address>0x426dc</run_address>
         <size>0x115</size>
         <input_file_ref idref="fl-2a"/>
      </object_component>
      <object_component id="oc-110">
         <name>.debug_info</name>
         <load_address>0x427f1</load_address>
         <run_address>0x427f1</run_address>
         <size>0x123</size>
         <input_file_ref idref="fl-2b"/>
      </object_component>
      <object_component id="oc-115">
         <name>.debug_info</name>
         <load_address>0x42914</load_address>
         <run_address>0x42914</run_address>
         <size>0x118</size>
         <input_file_ref idref="fl-2c"/>
      </object_component>
      <object_component id="oc-11a">
         <name>.debug_info</name>
         <load_address>0x42a2c</load_address>
         <run_address>0x42a2c</run_address>
         <size>0x115</size>
         <input_file_ref idref="fl-2d"/>
      </object_component>
      <object_component id="oc-11f">
         <name>.debug_info</name>
         <load_address>0x42b41</load_address>
         <run_address>0x42b41</run_address>
         <size>0x119</size>
         <input_file_ref idref="fl-2e"/>
      </object_component>
      <object_component id="oc-124">
         <name>.debug_info</name>
         <load_address>0x42c5a</load_address>
         <run_address>0x42c5a</run_address>
         <size>0x115</size>
         <input_file_ref idref="fl-2f"/>
      </object_component>
      <object_component id="oc-128">
         <name>.debug_info</name>
         <load_address>0x42d6f</load_address>
         <run_address>0x42d6f</run_address>
         <size>0x562</size>
         <input_file_ref idref="fl-30"/>
      </object_component>
      <object_component id="oc-12d">
         <name>.debug_info</name>
         <load_address>0x432d1</load_address>
         <run_address>0x432d1</run_address>
         <size>0x43b</size>
         <input_file_ref idref="fl-31"/>
      </object_component>
      <object_component id="oc-132">
         <name>.debug_info</name>
         <load_address>0x4370c</load_address>
         <run_address>0x4370c</run_address>
         <size>0x3ae</size>
         <input_file_ref idref="fl-32"/>
      </object_component>
      <object_component id="oc-137">
         <name>.debug_info</name>
         <load_address>0x43aba</load_address>
         <run_address>0x43aba</run_address>
         <size>0x3ab</size>
         <input_file_ref idref="fl-33"/>
      </object_component>
      <object_component id="oc-13c">
         <name>.debug_info</name>
         <load_address>0x43e65</load_address>
         <run_address>0x43e65</run_address>
         <size>0x545</size>
         <input_file_ref idref="fl-34"/>
      </object_component>
      <object_component id="oc-143">
         <name>.debug_info</name>
         <load_address>0x443aa</load_address>
         <run_address>0x443aa</run_address>
         <size>0x4cd</size>
         <input_file_ref idref="fl-35"/>
      </object_component>
      <object_component id="oc-148">
         <name>.debug_info</name>
         <load_address>0x44877</load_address>
         <run_address>0x44877</run_address>
         <size>0x468</size>
         <input_file_ref idref="fl-36"/>
      </object_component>
      <object_component id="oc-14e">
         <name>.debug_info</name>
         <load_address>0x44cdf</load_address>
         <run_address>0x44cdf</run_address>
         <size>0x115</size>
         <input_file_ref idref="fl-37"/>
      </object_component>
      <object_component id="oc-1c9">
         <name>.debug_info</name>
         <load_address>0x44df4</load_address>
         <run_address>0x44df4</run_address>
         <size>0x96</size>
      </object_component>
      <object_component id="oc-4e">
         <name>.debug_frame</name>
         <load_address>0x0</load_address>
         <run_address>0x0</run_address>
         <size>0x40</size>
         <input_file_ref idref="fl-2"/>
      </object_component>
      <object_component id="oc-54">
         <name>.debug_frame</name>
         <load_address>0x40</load_address>
         <run_address>0x40</run_address>
         <size>0x80</size>
         <input_file_ref idref="fl-3"/>
      </object_component>
      <object_component id="oc-5c">
         <name>.debug_frame</name>
         <load_address>0xc0</load_address>
         <run_address>0xc0</run_address>
         <size>0x13c</size>
         <input_file_ref idref="fl-4"/>
      </object_component>
      <object_component id="oc-63">
         <name>.debug_frame</name>
         <load_address>0x1fc</load_address>
         <run_address>0x1fc</run_address>
         <size>0x60</size>
         <input_file_ref idref="fl-5"/>
      </object_component>
      <object_component id="oc-68">
         <name>.debug_frame</name>
         <load_address>0x25c</load_address>
         <run_address>0x25c</run_address>
         <size>0x5c</size>
         <input_file_ref idref="fl-6"/>
      </object_component>
      <object_component id="oc-6f">
         <name>.debug_frame</name>
         <load_address>0x2b8</load_address>
         <run_address>0x2b8</run_address>
         <size>0x134</size>
         <input_file_ref idref="fl-7"/>
      </object_component>
      <object_component id="oc-76">
         <name>.debug_frame</name>
         <load_address>0x3ec</load_address>
         <run_address>0x3ec</run_address>
         <size>0x28</size>
         <input_file_ref idref="fl-8"/>
      </object_component>
      <object_component id="oc-7f">
         <name>.debug_frame</name>
         <load_address>0x414</load_address>
         <run_address>0x414</run_address>
         <size>0x1f8</size>
         <input_file_ref idref="fl-9"/>
      </object_component>
      <object_component id="oc-88">
         <name>.debug_frame</name>
         <load_address>0x60c</load_address>
         <run_address>0x60c</run_address>
         <size>0xbc</size>
         <input_file_ref idref="fl-a"/>
      </object_component>
      <object_component id="oc-92">
         <name>.debug_frame</name>
         <load_address>0x6c8</load_address>
         <run_address>0x6c8</run_address>
         <size>0x28</size>
         <input_file_ref idref="fl-c"/>
      </object_component>
      <object_component id="oc-9e">
         <name>.debug_frame</name>
         <load_address>0x6f0</load_address>
         <run_address>0x6f0</run_address>
         <size>0x5c</size>
         <input_file_ref idref="fl-e"/>
      </object_component>
      <object_component id="oc-a4">
         <name>.debug_frame</name>
         <load_address>0x74c</load_address>
         <run_address>0x74c</run_address>
         <size>0xa08</size>
         <input_file_ref idref="fl-f"/>
      </object_component>
      <object_component id="oc-a9">
         <name>.debug_frame</name>
         <load_address>0x1154</load_address>
         <run_address>0x1154</run_address>
         <size>0x118</size>
         <input_file_ref idref="fl-10"/>
      </object_component>
      <object_component id="oc-e2">
         <name>.debug_frame</name>
         <load_address>0x126c</load_address>
         <run_address>0x126c</run_address>
         <size>0x40</size>
         <input_file_ref idref="fl-12"/>
      </object_component>
      <object_component id="oc-e7">
         <name>.debug_frame</name>
         <load_address>0x12ac</load_address>
         <run_address>0x12ac</run_address>
         <size>0x210</size>
         <input_file_ref idref="fl-13"/>
      </object_component>
      <object_component id="oc-ec">
         <name>.debug_frame</name>
         <load_address>0x14bc</load_address>
         <run_address>0x14bc</run_address>
         <size>0x58</size>
         <input_file_ref idref="fl-14"/>
      </object_component>
      <object_component id="oc-f1">
         <name>.debug_frame</name>
         <load_address>0x1514</load_address>
         <run_address>0x1514</run_address>
         <size>0x44</size>
         <input_file_ref idref="fl-15"/>
      </object_component>
      <object_component id="oc-f6">
         <name>.debug_frame</name>
         <load_address>0x1558</load_address>
         <run_address>0x1558</run_address>
         <size>0xa0</size>
         <input_file_ref idref="fl-16"/>
      </object_component>
      <object_component id="oc-fb">
         <name>.debug_frame</name>
         <load_address>0x15f8</load_address>
         <run_address>0x15f8</run_address>
         <size>0xd8</size>
         <input_file_ref idref="fl-17"/>
      </object_component>
      <object_component id="oc-129">
         <name>.debug_frame</name>
         <load_address>0x16d0</load_address>
         <run_address>0x16d0</run_address>
         <size>0x60</size>
         <input_file_ref idref="fl-30"/>
      </object_component>
      <object_component id="oc-12e">
         <name>.debug_frame</name>
         <load_address>0x1730</load_address>
         <run_address>0x1730</run_address>
         <size>0x40</size>
         <input_file_ref idref="fl-31"/>
      </object_component>
      <object_component id="oc-133">
         <name>.debug_frame</name>
         <load_address>0x1770</load_address>
         <run_address>0x1770</run_address>
         <size>0x40</size>
         <input_file_ref idref="fl-32"/>
      </object_component>
      <object_component id="oc-138">
         <name>.debug_frame</name>
         <load_address>0x17b0</load_address>
         <run_address>0x17b0</run_address>
         <size>0x40</size>
         <input_file_ref idref="fl-33"/>
      </object_component>
      <object_component id="oc-13f">
         <name>.debug_frame</name>
         <load_address>0x17f0</load_address>
         <run_address>0x17f0</run_address>
         <size>0x60</size>
         <input_file_ref idref="fl-34"/>
      </object_component>
      <object_component id="oc-144">
         <name>.debug_frame</name>
         <load_address>0x1850</load_address>
         <run_address>0x1850</run_address>
         <size>0x70</size>
         <input_file_ref idref="fl-35"/>
      </object_component>
      <object_component id="oc-149">
         <name>.debug_frame</name>
         <load_address>0x18c0</load_address>
         <run_address>0x18c0</run_address>
         <size>0x40</size>
         <input_file_ref idref="fl-36"/>
      </object_component>
      <object_component id="oc-4f">
         <name>.debug_line</name>
         <load_address>0x0</load_address>
         <run_address>0x0</run_address>
         <size>0x51</size>
         <input_file_ref idref="fl-2"/>
      </object_component>
      <object_component id="oc-55">
         <name>.debug_line</name>
         <load_address>0x51</load_address>
         <run_address>0x51</run_address>
         <size>0x9c</size>
         <input_file_ref idref="fl-3"/>
      </object_component>
      <object_component id="oc-5d">
         <name>.debug_line</name>
         <load_address>0xed</load_address>
         <run_address>0xed</run_address>
         <size>0x1ae</size>
         <input_file_ref idref="fl-4"/>
      </object_component>
      <object_component id="oc-64">
         <name>.debug_line</name>
         <load_address>0x29b</load_address>
         <run_address>0x29b</run_address>
         <size>0x74</size>
         <input_file_ref idref="fl-5"/>
      </object_component>
      <object_component id="oc-69">
         <name>.debug_line</name>
         <load_address>0x30f</load_address>
         <run_address>0x30f</run_address>
         <size>0xa4</size>
         <input_file_ref idref="fl-6"/>
      </object_component>
      <object_component id="oc-70">
         <name>.debug_line</name>
         <load_address>0x3b3</load_address>
         <run_address>0x3b3</run_address>
         <size>0x154</size>
         <input_file_ref idref="fl-7"/>
      </object_component>
      <object_component id="oc-77">
         <name>.debug_line</name>
         <load_address>0x507</load_address>
         <run_address>0x507</run_address>
         <size>0x3a</size>
         <input_file_ref idref="fl-8"/>
      </object_component>
      <object_component id="oc-80">
         <name>.debug_line</name>
         <load_address>0x541</load_address>
         <run_address>0x541</run_address>
         <size>0x1dd</size>
         <input_file_ref idref="fl-9"/>
      </object_component>
      <object_component id="oc-89">
         <name>.debug_line</name>
         <load_address>0x71e</load_address>
         <run_address>0x71e</run_address>
         <size>0xd4</size>
         <input_file_ref idref="fl-a"/>
      </object_component>
      <object_component id="oc-8d">
         <name>.debug_line</name>
         <load_address>0x7f2</load_address>
         <run_address>0x7f2</run_address>
         <size>0x54</size>
         <input_file_ref idref="fl-b"/>
      </object_component>
      <object_component id="oc-93">
         <name>.debug_line</name>
         <load_address>0x846</load_address>
         <run_address>0x846</run_address>
         <size>0x3d</size>
         <input_file_ref idref="fl-c"/>
      </object_component>
      <object_component id="oc-98">
         <name>.debug_line</name>
         <load_address>0x883</load_address>
         <run_address>0x883</run_address>
         <size>0x6c</size>
         <input_file_ref idref="fl-d"/>
      </object_component>
      <object_component id="oc-9f">
         <name>.debug_line</name>
         <load_address>0x8ef</load_address>
         <run_address>0x8ef</run_address>
         <size>0x8f</size>
         <input_file_ref idref="fl-e"/>
      </object_component>
      <object_component id="oc-a5">
         <name>.debug_line</name>
         <load_address>0x97e</load_address>
         <run_address>0x97e</run_address>
         <size>0x759</size>
         <input_file_ref idref="fl-f"/>
      </object_component>
      <object_component id="oc-aa">
         <name>.debug_line</name>
         <load_address>0x10d7</load_address>
         <run_address>0x10d7</run_address>
         <size>0x171</size>
         <input_file_ref idref="fl-10"/>
      </object_component>
      <object_component id="oc-e3">
         <name>.debug_line</name>
         <load_address>0x1248</load_address>
         <run_address>0x1248</run_address>
         <size>0x65</size>
         <input_file_ref idref="fl-12"/>
      </object_component>
      <object_component id="oc-e8">
         <name>.debug_line</name>
         <load_address>0x12ad</load_address>
         <run_address>0x12ad</run_address>
         <size>0x2ce</size>
         <input_file_ref idref="fl-13"/>
      </object_component>
      <object_component id="oc-ed">
         <name>.debug_line</name>
         <load_address>0x157b</load_address>
         <run_address>0x157b</run_address>
         <size>0x91</size>
         <input_file_ref idref="fl-14"/>
      </object_component>
      <object_component id="oc-f2">
         <name>.debug_line</name>
         <load_address>0x160c</load_address>
         <run_address>0x160c</run_address>
         <size>0x73</size>
         <input_file_ref idref="fl-15"/>
      </object_component>
      <object_component id="oc-f7">
         <name>.debug_line</name>
         <load_address>0x167f</load_address>
         <run_address>0x167f</run_address>
         <size>0xd3</size>
         <input_file_ref idref="fl-16"/>
      </object_component>
      <object_component id="oc-fc">
         <name>.debug_line</name>
         <load_address>0x1752</load_address>
         <run_address>0x1752</run_address>
         <size>0x170</size>
         <input_file_ref idref="fl-17"/>
      </object_component>
      <object_component id="oc-100">
         <name>.debug_line</name>
         <load_address>0x18c2</load_address>
         <run_address>0x18c2</run_address>
         <size>0x53</size>
         <input_file_ref idref="fl-18"/>
      </object_component>
      <object_component id="oc-107">
         <name>.debug_line</name>
         <load_address>0x1915</load_address>
         <run_address>0x1915</run_address>
         <size>0x7e</size>
         <input_file_ref idref="fl-29"/>
      </object_component>
      <object_component id="oc-10c">
         <name>.debug_line</name>
         <load_address>0x1993</load_address>
         <run_address>0x1993</run_address>
         <size>0xa2</size>
         <input_file_ref idref="fl-2a"/>
      </object_component>
      <object_component id="oc-111">
         <name>.debug_line</name>
         <load_address>0x1a35</load_address>
         <run_address>0x1a35</run_address>
         <size>0x49</size>
         <input_file_ref idref="fl-2b"/>
      </object_component>
      <object_component id="oc-116">
         <name>.debug_line</name>
         <load_address>0x1a7e</load_address>
         <run_address>0x1a7e</run_address>
         <size>0x57</size>
         <input_file_ref idref="fl-2c"/>
      </object_component>
      <object_component id="oc-11b">
         <name>.debug_line</name>
         <load_address>0x1ad5</load_address>
         <run_address>0x1ad5</run_address>
         <size>0xad</size>
         <input_file_ref idref="fl-2d"/>
      </object_component>
      <object_component id="oc-120">
         <name>.debug_line</name>
         <load_address>0x1b82</load_address>
         <run_address>0x1b82</run_address>
         <size>0x52</size>
         <input_file_ref idref="fl-2e"/>
      </object_component>
      <object_component id="oc-125">
         <name>.debug_line</name>
         <load_address>0x1bd4</load_address>
         <run_address>0x1bd4</run_address>
         <size>0xb3</size>
         <input_file_ref idref="fl-2f"/>
      </object_component>
      <object_component id="oc-12a">
         <name>.debug_line</name>
         <load_address>0x1c87</load_address>
         <run_address>0x1c87</run_address>
         <size>0x50</size>
         <input_file_ref idref="fl-30"/>
      </object_component>
      <object_component id="oc-12f">
         <name>.debug_line</name>
         <load_address>0x1cd7</load_address>
         <run_address>0x1cd7</run_address>
         <size>0x62</size>
         <input_file_ref idref="fl-31"/>
      </object_component>
      <object_component id="oc-134">
         <name>.debug_line</name>
         <load_address>0x1d39</load_address>
         <run_address>0x1d39</run_address>
         <size>0x3e</size>
         <input_file_ref idref="fl-32"/>
      </object_component>
      <object_component id="oc-139">
         <name>.debug_line</name>
         <load_address>0x1d77</load_address>
         <run_address>0x1d77</run_address>
         <size>0x3a</size>
         <input_file_ref idref="fl-33"/>
      </object_component>
      <object_component id="oc-140">
         <name>.debug_line</name>
         <load_address>0x1db1</load_address>
         <run_address>0x1db1</run_address>
         <size>0x65</size>
         <input_file_ref idref="fl-34"/>
      </object_component>
      <object_component id="oc-145">
         <name>.debug_line</name>
         <load_address>0x1e16</load_address>
         <run_address>0x1e16</run_address>
         <size>0x5e</size>
         <input_file_ref idref="fl-35"/>
      </object_component>
      <object_component id="oc-14a">
         <name>.debug_line</name>
         <load_address>0x1e74</load_address>
         <run_address>0x1e74</run_address>
         <size>0x55</size>
         <input_file_ref idref="fl-36"/>
      </object_component>
      <object_component id="oc-14f">
         <name>.debug_line</name>
         <load_address>0x1ec9</load_address>
         <run_address>0x1ec9</run_address>
         <size>0xc4</size>
         <input_file_ref idref="fl-37"/>
      </object_component>
      <object_component id="oc-50">
         <name>.debug_abbrev</name>
         <load_address>0x0</load_address>
         <run_address>0x0</run_address>
         <size>0xb9</size>
         <input_file_ref idref="fl-2"/>
      </object_component>
      <object_component id="oc-56">
         <name>.debug_abbrev</name>
         <load_address>0xb9</load_address>
         <run_address>0xb9</run_address>
         <size>0x124</size>
         <input_file_ref idref="fl-3"/>
      </object_component>
      <object_component id="oc-5e">
         <name>.debug_abbrev</name>
         <load_address>0x1dd</load_address>
         <run_address>0x1dd</run_address>
         <size>0x1cb</size>
         <input_file_ref idref="fl-4"/>
      </object_component>
      <object_component id="oc-65">
         <name>.debug_abbrev</name>
         <load_address>0x3a8</load_address>
         <run_address>0x3a8</run_address>
         <size>0x136</size>
         <input_file_ref idref="fl-5"/>
      </object_component>
      <object_component id="oc-6a">
         <name>.debug_abbrev</name>
         <load_address>0x4de</load_address>
         <run_address>0x4de</run_address>
         <size>0x10a</size>
         <input_file_ref idref="fl-6"/>
      </object_component>
      <object_component id="oc-71">
         <name>.debug_abbrev</name>
         <load_address>0x5e8</load_address>
         <run_address>0x5e8</run_address>
         <size>0x1a9</size>
         <input_file_ref idref="fl-7"/>
      </object_component>
      <object_component id="oc-78">
         <name>.debug_abbrev</name>
         <load_address>0x791</load_address>
         <run_address>0x791</run_address>
         <size>0x105</size>
         <input_file_ref idref="fl-8"/>
      </object_component>
      <object_component id="oc-81">
         <name>.debug_abbrev</name>
         <load_address>0x896</load_address>
         <run_address>0x896</run_address>
         <size>0x1bd</size>
         <input_file_ref idref="fl-9"/>
      </object_component>
      <object_component id="oc-8a">
         <name>.debug_abbrev</name>
         <load_address>0xa53</load_address>
         <run_address>0xa53</run_address>
         <size>0x191</size>
         <input_file_ref idref="fl-a"/>
      </object_component>
      <object_component id="oc-8f">
         <name>.debug_abbrev</name>
         <load_address>0xbe4</load_address>
         <run_address>0xbe4</run_address>
         <size>0x2f</size>
         <input_file_ref idref="fl-b"/>
      </object_component>
      <object_component id="oc-94">
         <name>.debug_abbrev</name>
         <load_address>0xc13</load_address>
         <run_address>0xc13</run_address>
         <size>0x10f</size>
         <input_file_ref idref="fl-c"/>
      </object_component>
      <object_component id="oc-9a">
         <name>.debug_abbrev</name>
         <load_address>0xd22</load_address>
         <run_address>0xd22</run_address>
         <size>0x21</size>
         <input_file_ref idref="fl-d"/>
      </object_component>
      <object_component id="oc-a0">
         <name>.debug_abbrev</name>
         <load_address>0xd43</load_address>
         <run_address>0xd43</run_address>
         <size>0xfd</size>
         <input_file_ref idref="fl-e"/>
      </object_component>
      <object_component id="oc-a6">
         <name>.debug_abbrev</name>
         <load_address>0xe40</load_address>
         <run_address>0xe40</run_address>
         <size>0xa8</size>
         <input_file_ref idref="fl-f"/>
      </object_component>
      <object_component id="oc-ab">
         <name>.debug_abbrev</name>
         <load_address>0xee8</load_address>
         <run_address>0xee8</run_address>
         <size>0x111</size>
         <input_file_ref idref="fl-10"/>
      </object_component>
      <object_component id="oc-e0">
         <name>.debug_abbrev</name>
         <load_address>0xff9</load_address>
         <run_address>0xff9</run_address>
         <size>0xb7</size>
         <input_file_ref idref="fl-11"/>
      </object_component>
      <object_component id="oc-e4">
         <name>.debug_abbrev</name>
         <load_address>0x10b0</load_address>
         <run_address>0x10b0</run_address>
         <size>0xdc</size>
         <input_file_ref idref="fl-12"/>
      </object_component>
      <object_component id="oc-e9">
         <name>.debug_abbrev</name>
         <load_address>0x118c</load_address>
         <run_address>0x118c</run_address>
         <size>0x146</size>
         <input_file_ref idref="fl-13"/>
      </object_component>
      <object_component id="oc-ee">
         <name>.debug_abbrev</name>
         <load_address>0x12d2</load_address>
         <run_address>0x12d2</run_address>
         <size>0xc8</size>
         <input_file_ref idref="fl-14"/>
      </object_component>
      <object_component id="oc-f3">
         <name>.debug_abbrev</name>
         <load_address>0x139a</load_address>
         <run_address>0x139a</run_address>
         <size>0x116</size>
         <input_file_ref idref="fl-15"/>
      </object_component>
      <object_component id="oc-f8">
         <name>.debug_abbrev</name>
         <load_address>0x14b0</load_address>
         <run_address>0x14b0</run_address>
         <size>0xea</size>
         <input_file_ref idref="fl-16"/>
      </object_component>
      <object_component id="oc-fd">
         <name>.debug_abbrev</name>
         <load_address>0x159a</load_address>
         <run_address>0x159a</run_address>
         <size>0x17b</size>
         <input_file_ref idref="fl-17"/>
      </object_component>
      <object_component id="oc-102">
         <name>.debug_abbrev</name>
         <load_address>0x1715</load_address>
         <run_address>0x1715</run_address>
         <size>0x2f</size>
         <input_file_ref idref="fl-18"/>
      </object_component>
      <object_component id="oc-108">
         <name>.debug_abbrev</name>
         <load_address>0x1744</load_address>
         <run_address>0x1744</run_address>
         <size>0x46</size>
         <input_file_ref idref="fl-29"/>
      </object_component>
      <object_component id="oc-10d">
         <name>.debug_abbrev</name>
         <load_address>0x178a</load_address>
         <run_address>0x178a</run_address>
         <size>0x38</size>
         <input_file_ref idref="fl-2a"/>
      </object_component>
      <object_component id="oc-112">
         <name>.debug_abbrev</name>
         <load_address>0x17c2</load_address>
         <run_address>0x17c2</run_address>
         <size>0x46</size>
         <input_file_ref idref="fl-2b"/>
      </object_component>
      <object_component id="oc-117">
         <name>.debug_abbrev</name>
         <load_address>0x1808</load_address>
         <run_address>0x1808</run_address>
         <size>0x38</size>
         <input_file_ref idref="fl-2c"/>
      </object_component>
      <object_component id="oc-11c">
         <name>.debug_abbrev</name>
         <load_address>0x1840</load_address>
         <run_address>0x1840</run_address>
         <size>0x38</size>
         <input_file_ref idref="fl-2d"/>
      </object_component>
      <object_component id="oc-121">
         <name>.debug_abbrev</name>
         <load_address>0x1878</load_address>
         <run_address>0x1878</run_address>
         <size>0x38</size>
         <input_file_ref idref="fl-2e"/>
      </object_component>
      <object_component id="oc-126">
         <name>.debug_abbrev</name>
         <load_address>0x18b0</load_address>
         <run_address>0x18b0</run_address>
         <size>0x38</size>
         <input_file_ref idref="fl-2f"/>
      </object_component>
      <object_component id="oc-12b">
         <name>.debug_abbrev</name>
         <load_address>0x18e8</load_address>
         <run_address>0x18e8</run_address>
         <size>0xe3</size>
         <input_file_ref idref="fl-30"/>
      </object_component>
      <object_component id="oc-130">
         <name>.debug_abbrev</name>
         <load_address>0x19cb</load_address>
         <run_address>0x19cb</run_address>
         <size>0xa8</size>
         <input_file_ref idref="fl-31"/>
      </object_component>
      <object_component id="oc-135">
         <name>.debug_abbrev</name>
         <load_address>0x1a73</load_address>
         <run_address>0x1a73</run_address>
         <size>0x68</size>
         <input_file_ref idref="fl-32"/>
      </object_component>
      <object_component id="oc-13a">
         <name>.debug_abbrev</name>
         <load_address>0x1adb</load_address>
         <run_address>0x1adb</run_address>
         <size>0x66</size>
         <input_file_ref idref="fl-33"/>
      </object_component>
      <object_component id="oc-141">
         <name>.debug_abbrev</name>
         <load_address>0x1b41</load_address>
         <run_address>0x1b41</run_address>
         <size>0x130</size>
         <input_file_ref idref="fl-34"/>
      </object_component>
      <object_component id="oc-146">
         <name>.debug_abbrev</name>
         <load_address>0x1c71</load_address>
         <run_address>0x1c71</run_address>
         <size>0xb2</size>
         <input_file_ref idref="fl-35"/>
      </object_component>
      <object_component id="oc-14b">
         <name>.debug_abbrev</name>
         <load_address>0x1d23</load_address>
         <run_address>0x1d23</run_address>
         <size>0xee</size>
         <input_file_ref idref="fl-36"/>
      </object_component>
      <object_component id="oc-150">
         <name>.debug_abbrev</name>
         <load_address>0x1e11</load_address>
         <run_address>0x1e11</run_address>
         <size>0x38</size>
         <input_file_ref idref="fl-37"/>
      </object_component>
      <object_component id="oc-1ca">
         <name>.debug_abbrev</name>
         <load_address>0x1e49</load_address>
         <run_address>0x1e49</run_address>
         <size>0xf</size>
      </object_component>
      <object_component id="oc-51">
         <name>.debug_aranges</name>
         <load_address>0x0</load_address>
         <run_address>0x0</run_address>
         <size>0x20</size>
         <input_file_ref idref="fl-2"/>
      </object_component>
      <object_component id="oc-57">
         <name>.debug_aranges</name>
         <load_address>0x20</load_address>
         <run_address>0x20</run_address>
         <size>0x30</size>
         <input_file_ref idref="fl-3"/>
      </object_component>
      <object_component id="oc-5f">
         <name>.debug_aranges</name>
         <load_address>0x50</load_address>
         <run_address>0x50</run_address>
         <size>0x68</size>
         <input_file_ref idref="fl-4"/>
      </object_component>
      <object_component id="oc-66">
         <name>.debug_aranges</name>
         <load_address>0xb8</load_address>
         <run_address>0xb8</run_address>
         <size>0x28</size>
         <input_file_ref idref="fl-5"/>
      </object_component>
      <object_component id="oc-6b">
         <name>.debug_aranges</name>
         <load_address>0xe0</load_address>
         <run_address>0xe0</run_address>
         <size>0x28</size>
         <input_file_ref idref="fl-6"/>
      </object_component>
      <object_component id="oc-72">
         <name>.debug_aranges</name>
         <load_address>0x108</load_address>
         <run_address>0x108</run_address>
         <size>0x68</size>
         <input_file_ref idref="fl-7"/>
      </object_component>
      <object_component id="oc-79">
         <name>.debug_aranges</name>
         <load_address>0x170</load_address>
         <run_address>0x170</run_address>
         <size>0x18</size>
         <input_file_ref idref="fl-8"/>
      </object_component>
      <object_component id="oc-82">
         <name>.debug_aranges</name>
         <load_address>0x188</load_address>
         <run_address>0x188</run_address>
         <size>0x78</size>
         <input_file_ref idref="fl-9"/>
      </object_component>
      <object_component id="oc-8b">
         <name>.debug_aranges</name>
         <load_address>0x200</load_address>
         <run_address>0x200</run_address>
         <size>0x40</size>
         <input_file_ref idref="fl-a"/>
      </object_component>
      <object_component id="oc-90">
         <name>.debug_aranges</name>
         <load_address>0x240</load_address>
         <run_address>0x240</run_address>
         <size>0x20</size>
         <input_file_ref idref="fl-b"/>
      </object_component>
      <object_component id="oc-95">
         <name>.debug_aranges</name>
         <load_address>0x260</load_address>
         <run_address>0x260</run_address>
         <size>0x18</size>
         <input_file_ref idref="fl-c"/>
      </object_component>
      <object_component id="oc-9b">
         <name>.debug_aranges</name>
         <load_address>0x278</load_address>
         <run_address>0x278</run_address>
         <size>0x28</size>
         <input_file_ref idref="fl-d"/>
      </object_component>
      <object_component id="oc-a1">
         <name>.debug_aranges</name>
         <load_address>0x2a0</load_address>
         <run_address>0x2a0</run_address>
         <size>0x28</size>
         <input_file_ref idref="fl-e"/>
      </object_component>
      <object_component id="oc-a7">
         <name>.debug_aranges</name>
         <load_address>0x2c8</load_address>
         <run_address>0x2c8</run_address>
         <size>0x290</size>
         <input_file_ref idref="fl-f"/>
      </object_component>
      <object_component id="oc-ac">
         <name>.debug_aranges</name>
         <load_address>0x558</load_address>
         <run_address>0x558</run_address>
         <size>0x68</size>
         <input_file_ref idref="fl-10"/>
      </object_component>
      <object_component id="oc-e5">
         <name>.debug_aranges</name>
         <load_address>0x5c0</load_address>
         <run_address>0x5c0</run_address>
         <size>0x20</size>
         <input_file_ref idref="fl-12"/>
      </object_component>
      <object_component id="oc-ea">
         <name>.debug_aranges</name>
         <load_address>0x5e0</load_address>
         <run_address>0x5e0</run_address>
         <size>0xb8</size>
         <input_file_ref idref="fl-13"/>
      </object_component>
      <object_component id="oc-ef">
         <name>.debug_aranges</name>
         <load_address>0x698</load_address>
         <run_address>0x698</run_address>
         <size>0x28</size>
         <input_file_ref idref="fl-14"/>
      </object_component>
      <object_component id="oc-f4">
         <name>.debug_aranges</name>
         <load_address>0x6c0</load_address>
         <run_address>0x6c0</run_address>
         <size>0x20</size>
         <input_file_ref idref="fl-15"/>
      </object_component>
      <object_component id="oc-f9">
         <name>.debug_aranges</name>
         <load_address>0x6e0</load_address>
         <run_address>0x6e0</run_address>
         <size>0x40</size>
         <input_file_ref idref="fl-16"/>
      </object_component>
      <object_component id="oc-fe">
         <name>.debug_aranges</name>
         <load_address>0x720</load_address>
         <run_address>0x720</run_address>
         <size>0x50</size>
         <input_file_ref idref="fl-17"/>
      </object_component>
      <object_component id="oc-103">
         <name>.debug_aranges</name>
         <load_address>0x770</load_address>
[...]
         <object_component_ref idref="oc-a3"/>
      </symbol>
      <symbol id="sm-281">
         <name>_ECAP5_INT_ISR</name>
         <value>0x3381a4</value>
         <object_component_ref idref="oc-a3"/>
      </symbol>
      <symbol id="sm-282">
         <name>_DINTCH2_ISR</name>
         <value>0x338212</value>
         <object_component_ref idref="oc-a3"/>
      </symbol>
      <symbol id="sm-283">
         <name>_XINT5_ISR</name>
         <value>0x3382d0</value>
         <object_component_ref idref="oc-a3"/>
      </symbol>
      <symbol id="sm-28f">
         <name>_InitEPwm3Gpio</name>
         <value>0x3386ce</value>
         <object_component_ref idref="oc-16f"/>
      </symbol>
      <symbol id="sm-290">
         <name>_InitTzGpio</name>
         <value>0x33872e</value>
         <object_component_ref idref="oc-16f"/>
      </symbol>
      <symbol id="sm-291">
         <name>_InitEPwm2Gpio</name>
         <value>0x3386c2</value>
         <object_component_ref idref="oc-16f"/>
      </symbol>
      <symbol id="sm-292">
         <name>_InitEPwm1Gpio</name>
         <value>0x3386b0</value>
         <object_component_ref idref="oc-16f"/>
      </symbol>
      <symbol id="sm-293">
         <name>_InitEPwm6Gpio</name>
         <value>0x338708</value>
         <object_component_ref idref="oc-16f"/>
      </symbol>
      <symbol id="sm-294">
         <name>_InitEPwmGpio</name>
         <value>0x3386a7</value>
         <object_component_ref idref="oc-16f"/>
      </symbol>
      <symbol id="sm-295">
         <name>_InitEPwm5Gpio</name>
         <value>0x3386f6</value>
         <object_component_ref idref="oc-16f"/>
      </symbol>
      <symbol id="sm-296">
         <name>_InitEPwm4Gpio</name>
         <value>0x3386e2</value>
         <object_component_ref idref="oc-16f"/>
      </symbol>
      <symbol id="sm-297">
         <name>_InitEPwmSyncGpio</name>
         <value>0x33871a</value>
         <object_component_ref idref="oc-16f"/>
      </symbol>
      <symbol id="sm-298">
         <name>_InitEPwm</name>
         <value>0x3386a6</value>
         <object_component_ref idref="oc-16f"/>
      </symbol>
      <symbol id="sm-302">
         <name>_GpioCtrlRegs</name>
         <value>0x6f80</value>
         <object_component_ref idref="oc-d0"/>
      </symbol>
      <symbol id="sm-303">
         <name>_PieVectTable</name>
         <value>0xd00</value>
         <object_component_ref idref="oc-df"/>
      </symbol>
      <symbol id="sm-304">
         <name>_ECap4Regs</name>
         <value>0x6a60</value>
         <object_component_ref idref="oc-c2"/>
      </symbol>
      <symbol id="sm-305">
         <name>_CsmRegs</name>
         <value>0xae0</value>
         <object_component_ref idref="oc-b6"/>
      </symbol>
      <symbol id="sm-306">
         <name>_ECanaLAMRegs</name>
         <value>0x6040</value>
         <object_component_ref idref="oc-d3"/>
      </symbol>
      <symbol id="sm-307">
         <name>_ECanbMOTORegs</name>
         <value>0x62c0</value>
         <object_component_ref idref="oc-d8"/>
      </symbol>
      <symbol id="sm-308">
         <name>_EPwm4Regs</name>
         <value>0x68c0</value>
         <object_component_ref idref="oc-ca"/>
      </symbol>
      <symbol id="sm-309">
         <name>_ECap5Regs</name>
         <value>0x6a80</value>
         <object_component_ref idref="oc-c3"/>
      </symbol>
      <symbol id="sm-30a">
         <name>_CpuTimer1Regs</name>
         <value>0xc08</value>
         <object_component_ref idref="oc-b0"/>
      </symbol>
      <symbol id="sm-30b">
         <name>_SysCtrlRegs</name>
         <value>0x7010</value>
         <object_component_ref idref="oc-c6"/>
      </symbol>
      <symbol id="sm-30c">
         <name>_EPwm5Regs</name>
         <value>0x6900</value>
         <object_component_ref idref="oc-cb"/>
      </symbol>
      <symbol id="sm-30d">
         <name>_SpiaRegs</name>
         <value>0x7040</value>
         <object_component_ref idref="oc-ba"/>
      </symbol>
      <symbol id="sm-30e">
         <name>_ECanaMOTSRegs</name>
         <value>0x6080</value>
         <object_component_ref idref="oc-d4"/>
      </symbol>
      <symbol id="sm-30f">
         <name>_ECap6Regs</name>
         <value>0x6aa0</value>
         <object_component_ref idref="oc-c4"/>
      </symbol>
      <symbol id="sm-310">
         <name>_DmaRegs</name>
         <value>0x1000</value>
         <object_component_ref idref="oc-dc"/>
      </symbol>
      <symbol id="sm-311">
         <name>_FlashRegs</name>
         <value>0xa80</value>
         <object_component_ref idref="oc-b3"/>
      </symbol>
      <symbol id="sm-312">
         <name>_CpuTimer0Regs</name>
         <value>0xc00</value>
         <object_component_ref idref="oc-af"/>
      </symbol>
      <symbol id="sm-313">
         <name>_DevEmuRegs</name>
         <value>0x880</value>
         <object_component_ref idref="oc-db"/>
      </symbol>
      <symbol id="sm-314">
         <name>_McbspbRegs</name>
         <value>0x5040</value>
         <object_component_ref idref="oc-cf"/>
      </symbol>
      <symbol id="sm-315">
         <name>_EPwm6Regs</name>
         <value>0x6940</value>
         <object_component_ref idref="oc-cc"/>
      </symbol>
      <symbol id="sm-316">
         <name>_SciaRegs</name>
         <value>0x7050</value>
         <object_component_ref idref="oc-b7"/>
      </symbol>
      <symbol id="sm-317">
         <name>_GpioDataRegs</name>
         <value>0x6fc0</value>
         <object_component_ref idref="oc-c5"/>
      </symbol>
      <symbol id="sm-318">
         <name>_CsmPwl</name>
         <value>0x33fff8</value>
         <object_component_ref idref="oc-b2"/>
      </symbol>
      <symbol id="sm-319">
         <name>_AdcRegs</name>
         <value>0x7100</value>
         <object_component_ref idref="oc-bd"/>
      </symbol>
      <symbol id="sm-31a">
         <name>_XIntruptRegs</name>
         <value>0x7070</value>
         <object_component_ref idref="oc-bb"/>
      </symbol>
      <symbol id="sm-31b">
         <name>_CpuTimer2Regs</name>
         <value>0xc10</value>
         <object_component_ref idref="oc-b1"/>
      </symbol>
      <symbol id="sm-31c">
         <name>_PieCtrlRegs</name>
         <value>0xce0</value>
         <object_component_ref idref="oc-bc"/>
      </symbol>
      <symbol id="sm-31d">
         <name>_ECanbMOTSRegs</name>
         <value>0x6280</value>
         <object_component_ref idref="oc-d7"/>
      </symbol>
      <symbol id="sm-31e">
         <name>_ECanaRegs</name>
         <value>0x6000</value>
         <object_component_ref idref="oc-d1"/>
      </symbol>
      <symbol id="sm-31f">
         <name>_AdcMirror</name>
         <value>0xb00</value>
         <object_component_ref idref="oc-b5"/>
      </symbol>
      <symbol id="sm-320">
         <name>_ECanbMboxes</name>
         <value>0x6300</value>
         <object_component_ref idref="oc-de"/>
      </symbol>
      <symbol id="sm-321">
         <name>_XintfRegs</name>
         <value>0xb20</value>
         <object_component_ref idref="oc-be"/>
      </symbol>
      <symbol id="sm-322">
         <name>_ScicRegs</name>
         <value>0x7770</value>
         <object_component_ref idref="oc-b9"/>
      </symbol>
      <symbol id="sm-323">
         <name>_ECap1Regs</name>
         <value>0x6a00</value>
         <object_component_ref idref="oc-bf"/>
      </symbol>
      <symbol id="sm-324">
         <name>_EQep1Regs</name>
         <value>0x6b00</value>
         <object_component_ref idref="oc-d9"/>
      </symbol>
      <symbol id="sm-325">
         <name>_McbspaRegs</name>
         <value>0x5000</value>
         <object_component_ref idref="oc-ce"/>
      </symbol>
      <symbol id="sm-326">
         <name>_EPwm1Regs</name>
         <value>0x6800</value>
         <object_component_ref idref="oc-c7"/>
      </symbol>
      <symbol id="sm-327">
         <name>_ECanbRegs</name>
         <value>0x6200</value>
         <object_component_ref idref="oc-d2"/>
      </symbol>
      <symbol id="sm-328">
         <name>_ScibRegs</name>
         <value>0x7750</value>
         <object_component_ref idref="oc-b8"/>
      </symbol>
      <symbol id="sm-329">
         <name>_ECap2Regs</name>
         <value>0x6a20</value>
         <object_component_ref idref="oc-c0"/>
      </symbol>
      <symbol id="sm-32a">
         <name>_GpioIntRegs</name>
         <value>0x6fe0</value>
         <object_component_ref idref="oc-b4"/>
      </symbol>
      <symbol id="sm-32b">
         <name>_EQep2Regs</name>
         <value>0x6b40</value>
         <object_component_ref idref="oc-da"/>
      </symbol>
      <symbol id="sm-32c">
         <name>_PartIdRegs</name>
         <value>0x380090</value>
         <object_component_ref idref="oc-ae"/>
      </symbol>
      <symbol id="sm-32d">
         <name>_EPwm2Regs</name>
         <value>0x6840</value>
         <object_component_ref idref="oc-c8"/>
      </symbol>
      <symbol id="sm-32e">
         <name>_ECanaMboxes</name>
         <value>0x6100</value>
         <object_component_ref idref="oc-dd"/>
      </symbol>
      <symbol id="sm-32f">
         <name>_ECap3Regs</name>
         <value>0x6a40</value>
         <object_component_ref idref="oc-c1"/>
      </symbol>
      <symbol id="sm-330">
         <name>_ECanaMOTORegs</name>
         <value>0x60c0</value>
         <object_component_ref idref="oc-d5"/>
      </symbol>
      <symbol id="sm-331">
         <name>_EPwm3Regs</name>
         <value>0x6880</value>
         <object_component_ref idref="oc-c9"/>
      </symbol>
      <symbol id="sm-332">
         <name>_ECanbLAMRegs</name>
         <value>0x6240</value>
         <object_component_ref idref="oc-d6"/>
      </symbol>
      <symbol id="sm-333">
         <name>_I2caRegs</name>
         <value>0x7900</value>
         <object_component_ref idref="oc-cd"/>
      </symbol>
      <symbol id="sm-33f">
         <name>_InitGpio</name>
         <value>0x338dd5</value>
         <object_component_ref idref="oc-167"/>
      </symbol>
      <symbol id="sm-34f">
         <name>_InitMcbspaGpio</name>
         <value>0x33841e</value>
         <object_component_ref idref="oc-16c"/>
      </symbol>
      <symbol id="sm-350">
         <name>_InitMcbspb20bit</name>
         <value>0x3383fa</value>
         <object_component_ref idref="oc-16c"/>
      </symbol>
      <symbol id="sm-351">
         <name>_InitMcbspa20bit</name>
         <value>0x3383bc</value>
         <object_component_ref idref="oc-16c"/>
      </symbol>
      <symbol id="sm-352">
         <name>_InitMcbspb12bit</name>
         <value>0x3383e4</value>
         <object_component_ref idref="oc-16c"/>
      </symbol>
      <symbol id="sm-353">
         <name>_InitMcbspa12bit</name>
         <value>0x3383a6</value>
         <object_component_ref idref="oc-16c"/>
      </symbol>
      <symbol id="sm-354">
         <name>_InitMcbsp</name>
         <value>0x338316</value>
         <object_component_ref idref="oc-16c"/>
      </symbol>
      <symbol id="sm-355">
         <name>_InitMcbspa</name>
         <value>0x338319</value>
         <object_component_ref idref="oc-16c"/>
      </symbol>
      <symbol id="sm-356">
         <name>_InitMcbspb</name>
         <value>0x338345</value>
         <object_component_ref idref="oc-16c"/>
      </symbol>
      <symbol id="sm-357">
         <name>_InitMcbspb8bit</name>
         <value>0x3383dd</value>
         <object_component_ref idref="oc-16c"/>
      </symbol>
      <symbol id="sm-358">
         <name>_InitMcbspb32bit</name>
         <value>0x338410</value>
         <object_component_ref idref="oc-16c"/>
      </symbol>
      <symbol id="sm-359">
         <name>_InitMcbspa32bit</name>
         <value>0x3383d2</value>
         <object_component_ref idref="oc-16c"/>
      </symbol>
      <symbol id="sm-35a">
         <name>_InitMcbspb24bit</name>
         <value>0x338405</value>
         <object_component_ref idref="oc-16c"/>
      </symbol>
      <symbol id="sm-35b">
         <name>_InitMcbspa24bit</name>
         <value>0x3383c7</value>
         <object_component_ref idref="oc-16c"/>
      </symbol>
      <symbol id="sm-35c">
         <name>_InitMcbspb16bit</name>
         <value>0x3383ef</value>
         <object_component_ref idref="oc-16c"/>
      </symbol>
      <symbol id="sm-35d">
         <name>_InitMcbspa16bit</name>
         <value>0x3383b1</value>
         <object_component_ref idref="oc-16c"/>
      </symbol>
      <symbol id="sm-35e">
         <name>_clkg_delay_loop</name>
         <value>0x338486</value>
         <object_component_ref idref="oc-16c"/>
      </symbol>
      <symbol id="sm-35f">
         <name>_InitMcbspa8bit</name>
         <value>0x33839f</value>
         <object_component_ref idref="oc-16c"/>
      </symbol>
      <symbol id="sm-360">
         <name>_InitMcbspbGpio</name>
         <value>0x338458</value>
         <object_component_ref idref="oc-16c"/>
      </symbol>
      <symbol id="sm-361">
         <name>_InitMcbspGpio</name>
         <value>0x33841b</value>
         <object_component_ref idref="oc-16c"/>
      </symbol>
      <symbol id="sm-362">
         <name>_delay_loop</name>
         <value>0x338470</value>
         <object_component_ref idref="oc-16c"/>
      </symbol>
      <symbol id="sm-36e">
         <name>_InitPieCtrl</name>
         <value>0x338cdb</value>
         <object_component_ref idref="oc-168"/>
      </symbol>
      <symbol id="sm-36f">
         <name>_EnableInterrupts</name>
         <value>0x338cfa</value>
         <object_component_ref idref="oc-168"/>
      </symbol>
      <symbol id="sm-37f">
         <name>_PieVectTableInit</name>
         <value>0x338e26</value>
         <object_component_ref idref="oc-172"/>
      </symbol>
      <symbol id="sm-380">
         <name>_InitPieVectTable</name>
         <value>0x338d27</value>
         <object_component_ref idref="oc-169"/>
      </symbol>
      <symbol id="sm-38c">
         <name>_InitScicGpio</name>
         <value>0x338c28</value>
         <object_component_ref idref="oc-170"/>
      </symbol>
      <symbol id="sm-38d">
         <name>_InitScibGpio</name>
         <value>0x338c14</value>
         <object_component_ref idref="oc-170"/>
      </symbol>
      <symbol id="sm-38e">
         <name>_InitSciaGpio</name>
         <value>0x338bfe</value>
         <object_component_ref idref="oc-170"/>
      </symbol>
      <symbol id="sm-38f">
         <name>_InitSciGpio</name>
         <value>0x338bf9</value>
         <object_component_ref idref="oc-170"/>
      </symbol>
      <symbol id="sm-390">
         <name>_InitSci</name>
         <value>0x338bf8</value>
         <object_component_ref idref="oc-170"/>
      </symbol>
      <symbol id="sm-3a7">
         <name>_InitPll</name>
         <value>0x3385c9</value>
         <object_component_ref idref="oc-166"/>
      </symbol>
      <symbol id="sm-3a8">
         <name>_DisableDog</name>
         <value>0x3385c1</value>
         <object_component_ref idref="oc-166"/>
      </symbol>
      <symbol id="sm-3a9">
         <name>_InitPeripheralClocks</name>
         <value>0x33861a</value>
         <object_component_ref idref="oc-166"/>
      </symbol>
      <symbol id="sm-3aa">
         <name>_InitFlash</name>
         <value>0x82dc</value>
         <object_component_ref idref="oc-16a"/>
      </symbol>
      <symbol id="sm-3ab">
         <name>_CsmUnlock</name>
         <value>0x338675</value>
         <object_component_ref idref="oc-166"/>
      </symbol>
      <symbol id="sm-3ac">
         <name>_ServiceDog</name>
         <value>0x3385b7</value>
         <object_component_ref idref="oc-166"/>
      </symbol>
      <symbol id="sm-3ad">
         <name>_InitSysCtrl</name>
         <value>0x3385ae</value>
         <object_component_ref idref="oc-166"/>
      </symbol>
      <symbol id="sm-3b9">
         <name>_DSP28x_usDelay</name>
         <value>0x8331</value>
         <object_component_ref idref="oc-ff"/>
      </symbol>
      <symbol id="sm-3d4">
         <name>_c_int00</name>
         <value>0x338b51</value>
         <object_component_ref idref="oc-4c"/>
      </symbol>
      <symbol id="sm-3d5">
         <name>__stack</name>
         <value>0x400</value>
         <object_component_ref idref="oc-104"/>
      </symbol>
      <symbol id="sm-3e7">
         <name>FD$$MPY</name>
         <value>0x338913</value>
         <object_component_ref idref="oc-10a"/>
      </symbol>
      <symbol id="sm-3f3">
         <name>FD$$SUB</name>
         <value>0x338e03</value>
         <object_component_ref idref="oc-10f"/>
      </symbol>
      <symbol id="sm-402">
         <name>FD$$TOUL</name>
         <value>0x338da1</value>
         <object_component_ref idref="oc-114"/>
      </symbol>
      <symbol id="sm-413">
         <name>FS$$DIV</name>
         <value>0x33888b</value>
         <object_component_ref idref="oc-119"/>
      </symbol>
      <symbol id="sm-424">
         <name>U$$TOFD</name>
         <value>0x338dec</value>
         <object_component_ref idref="oc-11e"/>
      </symbol>
      <symbol id="sm-43b">
         <name>FD$$DIV</name>
         <value>0x338800</value>
         <object_component_ref idref="oc-123"/>
      </symbol>
      <symbol id="sm-44a">
         <name>_copy_in</name>
         <value>0x338d03</value>
         <object_component_ref idref="oc-153"/>
      </symbol>
      <symbol id="sm-45b">
         <name>_memcpy</name>
         <value>0x338d84</value>
         <object_component_ref idref="oc-159"/>
      </symbol>
      <symbol id="sm-467">
         <name>__system_pre_init</name>
         <value>0x338e22</value>
         <object_component_ref idref="oc-152"/>
      </symbol>
      <symbol id="sm-474">
         <name>__system_post_cinit</name>
         <value>0x338e24</value>
         <object_component_ref idref="oc-154"/>
      </symbol>
      <symbol id="sm-488">
         <name>C$$EXIT</name>
         <value>0x338cb2</value>
         <object_component_ref idref="oc-156"/>
      </symbol>
      <symbol id="sm-489">
         <name>_exit</name>
         <value>0x338cb4</value>
         <object_component_ref idref="oc-156"/>
      </symbol>
      <symbol id="sm-48a">
         <name>___TI_cleanup_ptr</name>
         <value>0xc848</value>
         <object_component_ref idref="oc-13e"/>
      </symbol>
      <symbol id="sm-48b">
         <name>___TI_enable_exit_profile_output</name>
         <value>0xc846</value>
         <object_component_ref idref="oc-13e"/>
      </symbol>
      <symbol id="sm-48c">
         <name>_abort</name>
         <value>0x338cb2</value>
         <object_component_ref idref="oc-156"/>
      </symbol>
      <symbol id="sm-48d">
         <name>___TI_dtors_ptr</name>
         <value>0xc84a</value>
         <object_component_ref idref="oc-13e"/>
      </symbol>
      <symbol id="sm-4a1">
         <name>__unlock</name>
         <value>0xc84e</value>
         <object_component_ref idref="oc-171"/>
      </symbol>
      <symbol id="sm-4a2">
         <name>__lock</name>
         <value>0xc84c</value>
         <object_component_ref idref="oc-15b"/>
      </symbol>
      <symbol id="sm-4a3">
         <name>__register_lock</name>
         <value>0x338e15</value>
         <object_component_ref idref="oc-164"/>
      </symbol>
      <symbol id="sm-4a4">
         <name>__nop</name>
         <value>0x338e19</value>
         <object_component_ref idref="oc-164"/>
      </symbol>
      <symbol id="sm-4a5">
         <name>__register_unlock</name>
         <value>0x338e11</value>
         <object_component_ref idref="oc-164"/>
      </symbol>
      <symbol id="sm-4b4">
         <name>__args_main</name>
         <value>0x338dbc</value>
         <object_component_ref idref="oc-155"/>
      </symbol>
      <symbol id="sm-4cf">
         <name>FD$$ADD</name>
         <value>0x338764</value>
         <object_component_ref idref="oc-14d"/>
      </symbol>
   </symbol_table>
   <title>Link successful</title>
</link_info>
