******************************************************************************
             TMS320C2000 Linker PC v18.12.3                    
******************************************************************************
>> Linked Thu Jun 18 19:08:08 2020

OUTPUT FILE NAME:   <PEC_GGber.out>
ENTRY POINT SYMBOL: "_c_int00"  address: 00338c3b


MEMORY CONFIGURATION

         name            origin    length      used     unused   attr    fill
----------------------  --------  ---------  --------  --------  ----  --------
PAGE 0:
  ZONE0                 00004000   00001000  00000000  00001000  RWIX
  RAML0                 00008000   00001000  00000366  00000c9a  RWIX
  RAML1                 00009000   00001000  00000000  00001000  RWIX
  RAML2                 0000a000   00001000  00000000  00001000  RWIX
  RAML3                 0000b000   00001000  00000000  00001000  RWIX
  ZONE6                 00100000   00100000  00000000  00100000  RWIX
  ZONE7A                00200000   0000fc00  00000000  0000fc00  RWIX
  FLASHH                00300000   00008000  00000000  00008000  RWIX
  FLASHG                00308000   00008000  00000000  00008000  RWIX
  FLASHF                00310000   00008000  00000000  00008000  RWIX
  FLASHE                00318000   00008000  00000000  00008000  RWIX
  FLASHD                00320000   00008000  00000366  00007c9a  RWIX
  FLASHC                00328000   00008000  00000000  00008000  RWIX
  FLASHA                00338000   00007f80  00001042  00006f3e  RWIX
  CSM_RSVD              0033ff80   00000076  00000000  00000076  RWIX
  BEGIN                 0033fff6   00000002  00000002  00000000  RWIX
  CSM_PWL               0033fff8   00000008  00000000  00000008  RWIX
  ADC_CAL               00380080   00000009  00000007  00000002  RWIX
  OTP                   00380400   00000400  00000000  00000400  RWIX
  IQTABLES              003fe000   00000b50  00000000  00000b50  RWIX
  IQTABLES2             003feb50   0000008c  00000000  0000008c  RWIX
  FPUTABLES             003febdc   000006a0  00000000  000006a0  RWIX
  ROM                   003ff27c   00000d44  00000000  00000d44  RWIX
  RESET                 003fffc0   00000002  00000000  00000002  RWIX
  VECTORS               003fffc2   0000003e  00000000  0000003e  RWIX

PAGE 1:
  BOOT_RSVD             00000000   00000050  00000000  00000050  RWIX
  RAMM0                 00000050   000003b0  00000000  000003b0  RWIX
  RAMM1                 00000400   00000400  00000300  00000100  RWIX
  DEV_EMU               00000880   00000180  000000d0  000000b0  RWIX
  FLASH_REGS            00000a80   00000060  00000008  00000058  RWIX
  CSM                   00000ae0   00000010  00000010  00000000  RWIX
  ADC_MIRROR            00000b00   00000010  00000010  00000000  RWIX
  XINTF                 00000b20   00000020  0000001e  00000002  RWIX
  CPU_TIMER0            00000c00   00000008  00000008  00000000  RWIX
  CPU_TIMER1            00000c08   00000008  00000008  00000000  RWIX
  CPU_TIMER2            00000c10   00000008  00000008  00000000  RWIX
  PIE_CTRL              00000ce0   00000020  0000001a  00000006  RWIX
  PIE_VECT              00000d00   00000100  00000100  00000000  RWIX
  DMA                   00001000   00000200  000000e0  00000120  RWIX
  MCBSPA                00005000   00000040  00000025  0000001b  RWIX
  MCBSPB                00005040   00000040  00000025  0000001b  RWIX
  ECANA                 00006000   00000040  00000034  0000000c  RWIX
  ECANA_LAM             00006040   00000040  00000040  00000000  RWIX
  ECANA_MOTS            00006080   00000040  00000040  00000000  RWIX
  ECANA_MOTO            000060c0   00000040  00000040  00000000  RWIX
  ECANA_MBOX            00006100   00000100  00000100  00000000  RWIX
  ECANB                 00006200   00000040  00000034  0000000c  RWIX
  ECANB_LAM             00006240   00000040  00000040  00000000  RWIX
  ECANB_MOTS            00006280   00000040  00000040  00000000  RWIX
  ECANB_MOTO            000062c0   00000040  00000040  00000000  RWIX
  ECANB_MBOX            00006300   00000100  00000100  00000000  RWIX
  EPWM1                 00006800   00000022  00000022  00000000  RWIX
  EPWM2                 00006840   00000022  00000022  00000000  RWIX
  EPWM3                 00006880   00000022  00000022  00000000  RWIX
  EPWM4                 000068c0   00000022  00000022  00000000  RWIX
  EPWM5                 00006900   00000022  00000022  00000000  RWIX
  EPWM6                 00006940   00000022  00000022  00000000  RWIX
  ECAP1                 00006a00   00000020  00000020  00000000  RWIX
  ECAP2                 00006a20   00000020  00000020  00000000  RWIX
  ECAP3                 00006a40   00000020  00000020  00000000  RWIX
  ECAP4                 00006a60   00000020  00000020  00000000  RWIX
  ECAP5                 00006a80   00000020  00000020  00000000  RWIX
  ECAP6                 00006aa0   00000020  00000020  00000000  RWIX
  EQEP1                 00006b00   00000040  00000040  00000000  RWIX
  EQEP2                 00006b40   00000040  00000040  00000000  RWIX
  GPIOCTRL              00006f80   00000040  0000002e  00000012  RWIX
  GPIODAT               00006fc0   00000020  00000020  00000000  RWIX
  GPIOINT               00006fe0   00000020  0000000a  00000016  RWIX
  SYSTEM                00007010   00000020  00000020  00000000  RWIX
  SPIA                  00007040   00000010  00000010  00000000  RWIX
  SCIA                  00007050   00000010  00000010  00000000  RWIX
  XINTRUPT              00007070   00000010  00000010  00000000  RWIX
  ADC                   00007100   00000020  0000001e  00000002  RWIX
  SCIB                  00007750   00000010  00000010  00000000  RWIX
  SCIC                  00007770   00000010  00000010  00000000  RWIX
  I2CA                  00007900   00000040  00000022  0000001e  RWIX
  RAML4                 0000c000   00001000  0000085a  000007a6  RWIX
  RAML5                 0000d000   00001000  00000000  00001000  RWIX
  RAML6                 0000e000   00001000  00000000  00001000  RWIX
  RAML7                 0000f000   00001000  00000000  00001000  RWIX
  ZONE7B                0020fc00   00000400  00000000  00000400  RWIX
  FLASHB                00330000   00008000  00000000  00008000  RWIX
  CSM_PWL               0033fff8   00000008  00000008  00000000  RWIX
  PARTID                00380090   00000001  00000001  00000000  RWIX


SECTION ALLOCATION MAP

 output                                  attributes/
section   page    origin      length       input sections
--------  ----  ----------  ----------   ----------------
ramfuncs   0    00320000    00000366     RUN ADDR = 00008000
                  00320000    000001c9     epwm.obj (ramfuncs)
                  003201c9    0000005a     sci.obj (ramfuncs)
                  00320223    00000052     sci.obj (ramfuncs:retain)
                  00320275    00000042     system.obj (ramfuncs)
                  003202b7    00000035     epwm.obj (ramfuncs:retain)
                  003202ec    00000025     dsp_adc.obj (ramfuncs:retain)
                  00320311    0000001b     DSP2833x_SysCtrl.obj (ramfuncs)
                  0032032c    00000014     system.obj (ramfuncs:retain)
                  00320340    00000011     mcbsp.obj (ramfuncs)
                  00320351    00000011     mcbsp.obj (ramfuncs:retain)
                  00320362    00000004     DSP2833x_usDelay.obj (ramfuncs)

.cinit     0    00339000    00000043     
                  00339000    0000000f     epwm.obj (.cinit)
                  0033900f    0000000e     rts2800_fpu32.lib : exit.c.obj (.cinit)
                  0033901d    00000009     con_pid.obj (.cinit)
                  00339026    00000005     rts2800_fpu32.lib : _lock.c.obj (.cinit:__lock)
                  0033902b    00000005                       : _lock.c.obj (.cinit:__unlock)
                  00339030    00000005     main.obj (.cinit)
                  00339035    00000004     fan_epwm.obj (.cinit)
                  00339039    00000004     sci.obj (.cinit)
                  0033903d    00000004     system.obj (.cinit)
                  00339041    00000002     --HOLE-- [fill = 0]

DevEmuRegsFile 
*          1    00000880    000000d0     UNINITIALIZED
                  00000880    000000d0     DSP2833x_GlobalVariableDefs.obj (DevEmuRegsFile)

FlashRegsFile 
*          1    00000a80    00000008     UNINITIALIZED
                  00000a80    00000008     DSP2833x_GlobalVariableDefs.obj (FlashRegsFile)

CsmRegsFile 
*          1    00000ae0    00000010     UNINITIALIZED
                  00000ae0    00000010     DSP2833x_GlobalVariableDefs.obj (CsmRegsFile)

AdcMirrorFile 
*          1    00000b00    00000010     UNINITIALIZED
                  00000b00    00000010     DSP2833x_GlobalVariableDefs.obj (AdcMirrorFile)

XintfRegsFile 
*          1    00000b20    0000001e     UNINITIALIZED
                  00000b20    0000001e     DSP2833x_GlobalVariableDefs.obj (XintfRegsFile)

CpuTimer0RegsFile 
*          1    00000c00    00000008     UNINITIALIZED
                  00000c00    00000008     DSP2833x_GlobalVariableDefs.obj (CpuTimer0RegsFile)

CpuTimer1RegsFile 
*          1    00000c08    00000008     UNINITIALIZED
                  00000c08    00000008     DSP2833x_GlobalVariableDefs.obj (CpuTimer1RegsFile)

CpuTimer2RegsFile 
*          1    00000c10    00000008     UNINITIALIZED
                  00000c10    00000008     DSP2833x_GlobalVariableDefs.obj (CpuTimer2RegsFile)

PieCtrlRegsFile 
*          1    00000ce0    0000001a     UNINITIALIZED
                  00000ce0    0000001a     DSP2833x_GlobalVariableDefs.obj (PieCtrlRegsFile)

PieVectTableFile 
*          1    00000d00    00000100     UNINITIALIZED
                  00000d00    00000100     DSP2833x_GlobalVariableDefs.obj (PieVectTableFile)

DmaRegsFile 
*          1    00001000    000000e0     UNINITIALIZED
                  00001000    000000e0     DSP2833x_GlobalVariableDefs.obj (DmaRegsFile)

McbspaRegsFile 
*          1    00005000    00000025     UNINITIALIZED
                  00005000    00000025     DSP2833x_GlobalVariableDefs.obj (McbspaRegsFile)

McbspbRegsFile 
*          1    00005040    00000025     UNINITIALIZED
                  00005040    00000025     DSP2833x_GlobalVariableDefs.obj (McbspbRegsFile)

ECanaRegsFile 
*          1    00006000    00000034     UNINITIALIZED
                  00006000    00000034     DSP2833x_GlobalVariableDefs.obj (ECanaRegsFile)

ECanaLAMRegsFile 
*          1    00006040    00000040     UNINITIALIZED
                  00006040    00000040     DSP2833x_GlobalVariableDefs.obj (ECanaLAMRegsFile)

ECanaMOTSRegsFile 
*          1    00006080    00000040     UNINITIALIZED
                  00006080    00000040     DSP2833x_GlobalVariableDefs.obj (ECanaMOTSRegsFile)

ECanaMOTORegsFile 
*          1    000060c0    00000040     UNINITIALIZED
                  000060c0    00000040     DSP2833x_GlobalVariableDefs.obj (ECanaMOTORegsFile)

ECanaMboxesFile 
*          1    00006100    00000100     UNINITIALIZED
                  00006100    00000100     DSP2833x_GlobalVariableDefs.obj (ECanaMboxesFile)

ECanbRegsFile 
*          1    00006200    00000034     UNINITIALIZED
                  00006200    00000034     DSP2833x_GlobalVariableDefs.obj (ECanbRegsFile)

ECanbLAMRegsFile 
*          1    00006240    00000040     UNINITIALIZED
                  00006240    00000040     DSP2833x_GlobalVariableDefs.obj (ECanbLAMRegsFile)

ECanbMOTSRegsFile 
*          1    00006280    00000040     UNINITIALIZED
                  00006280    00000040     DSP2833x_GlobalVariableDefs.obj (ECanbMOTSRegsFile)

ECanbMOTORegsFile 
*          1    000062c0    00000040     UNINITIALIZED
                  000062c0    00000040     DSP2833x_GlobalVariableDefs.obj (ECanbMOTORegsFile)

ECanbMboxesFile 
*          1    00006300    00000100     UNINITIALIZED
                  00006300    00000100     DSP2833x_GlobalVariableDefs.obj (ECanbMboxesFile)

EPwm1RegsFile 
*          1    00006800    00000022     UNINITIALIZED
                  00006800    00000022     DSP2833x_GlobalVariableDefs.obj (EPwm1RegsFile)

EPwm2RegsFile 
*          1    00006840    00000022     UNINITIALIZED
                  00006840    00000022     DSP2833x_GlobalVariableDefs.obj (EPwm2RegsFile)

EPwm3RegsFile 
*          1    00006880    00000022     UNINITIALIZED
                  00006880    00000022     DSP2833x_GlobalVariableDefs.obj (EPwm3RegsFile)

EPwm4RegsFile 
*          1    000068c0    00000022     UNINITIALIZED
                  000068c0    00000022     DSP2833x_GlobalVariableDefs.obj (EPwm4RegsFile)

EPwm5RegsFile 
*          1    00006900    00000022     UNINITIALIZED
                  00006900    00000022     DSP2833x_GlobalVariableDefs.obj (EPwm5RegsFile)

EPwm6RegsFile 
*          1    00006940    00000022     UNINITIALIZED
                  00006940    00000022     DSP2833x_GlobalVariableDefs.obj (EPwm6RegsFile)

ECap1RegsFile 
*          1    00006a00    00000020     UNINITIALIZED
                  00006a00    00000020     DSP2833x_GlobalVariableDefs.obj (ECap1RegsFile)

ECap2RegsFile 
*          1    00006a20    00000020     UNINITIALIZED
                  00006a20    00000020     DSP2833x_GlobalVariableDefs.obj (ECap2RegsFile)

ECap3RegsFile 
*          1    00006a40    00000020     UNINITIALIZED
                  00006a40    00000020     DSP2833x_GlobalVariableDefs.obj (ECap3RegsFile)

ECap4RegsFile 
*          1    00006a60    00000020     UNINITIALIZED
                  00006a60    00000020     DSP2833x_GlobalVariableDefs.obj (ECap4RegsFile)

ECap5RegsFile 
*          1    00006a80    00000020     UNINITIALIZED
                  00006a80    00000020     DSP2833x_GlobalVariableDefs.obj (ECap5RegsFile)

ECap6RegsFile 
*          1    00006aa0    00000020     UNINITIALIZED
                  00006aa0    00000020     DSP2833x_GlobalVariableDefs.obj (ECap6RegsFile)

EQep1RegsFile 
*          1    00006b00    00000040     UNINITIALIZED
                  00006b00    00000040     DSP2833x_GlobalVariableDefs.obj (EQep1RegsFile)

EQep2RegsFile 
*          1    00006b40    00000040     UNINITIALIZED
                  00006b40    00000040     DSP2833x_GlobalVariableDefs.obj (EQep2RegsFile)

GpioCtrlRegsFile 
*          1    00006f80    0000002e     UNINITIALIZED
                  00006f80    0000002e     DSP2833x_GlobalVariableDefs.obj (GpioCtrlRegsFile)

GpioDataRegsFile 
*          1    00006fc0    00000020     UNINITIALIZED
                  00006fc0    00000020     DSP2833x_GlobalVariableDefs.obj (GpioDataRegsFile)

GpioIntRegsFile 
*          1    00006fe0    0000000a     UNINITIALIZED
                  00006fe0    0000000a     DSP2833x_GlobalVariableDefs.obj (GpioIntRegsFile)

SysCtrlRegsFile 
*          1    00007010    00000020     UNINITIALIZED
                  00007010    00000020     DSP2833x_GlobalVariableDefs.obj (SysCtrlRegsFile)

SpiaRegsFile 
*          1    00007040    00000010     UNINITIALIZED
                  00007040    00000010     DSP2833x_GlobalVariableDefs.obj (SpiaRegsFile)

SciaRegsFile 
*          1    00007050    00000010     UNINITIALIZED
                  00007050    00000010     DSP2833x_GlobalVariableDefs.obj (SciaRegsFile)

XIntruptRegsFile 
*          1    00007070    00000010     UNINITIALIZED
                  00007070    00000010     DSP2833x_GlobalVariableDefs.obj (XIntruptRegsFile)

AdcRegsFile 
*          1    00007100    0000001e     UNINITIALIZED
                  00007100    0000001e     DSP2833x_GlobalVariableDefs.obj (AdcRegsFile)

ScibRegsFile 
*          1    00007750    00000010     UNINITIALIZED
                  00007750    00000010     DSP2833x_GlobalVariableDefs.obj (ScibRegsFile)

ScicRegsFile 
*          1    00007770    00000010     UNINITIALIZED
                  00007770    00000010     DSP2833x_GlobalVariableDefs.obj (ScicRegsFile)

I2caRegsFile 
*          1    00007900    00000022     UNINITIALIZED
                  00007900    00000022     DSP2833x_GlobalVariableDefs.obj (I2caRegsFile)

CsmPwlFile 
*          1    0033fff8    00000008     UNINITIALIZED
                  0033fff8    00000008     DSP2833x_GlobalVariableDefs.obj (CsmPwlFile)

PartIdRegsFile 
*          1    00380090    00000001     UNINITIALIZED
                  00380090    00000001     DSP2833x_GlobalVariableDefs.obj (PartIdRegsFile)

.pinit     0    00338000    00000000     UNINITIALIZED

.text      0    00338000    00000eef     
                  00338000    00000316     DSP2833x_DefaultIsr.obj (.text:retain)
                  00338316    00000186     DSP2833x_Mcbsp.obj (.text)
                  0033849c    00000112     sci.obj (.text)
                  003385ae    000000f8     DSP2833x_SysCtrl.obj (.text)
                  003386a6    000000be     DSP2833x_EPwm.obj (.text)
                  00338764    0000009c     rts2800_fpu32.lib : fd_add28.asm.obj (.text)
                  00338800    0000008b                       : fd_div28.asm.obj (.text)
                  0033888b    00000088                       : fs_div28.asm.obj (.text)
                  00338913    00000085     con_pid.obj (.text)
                  00338998    00000083     rts2800_fpu32.lib : fd_mpy28.asm.obj (.text)
                  00338a1b    00000078     led.obj (.text)
                  00338a93    00000073     DSP2833x_CpuTimers.obj (.text)
                  00338b06    0000006c     mcbsp.obj (.text)
                  00338b72    00000065     main.obj (.text)
                  00338bd7    00000064     epwm.obj (.text)
                  00338c3b    00000056     rts2800_fpu32.lib : boot28.asm.obj (.text)
                  00338c91    00000051     system.obj (.text)
                  00338ce2    00000046     DSP2833x_Sci.obj (.text)
                  00338d28    0000003f     fan_epwm.obj (.text)
                  00338d67    00000035     dsp_adc.obj (.text)
                  00338d9c    00000029     rts2800_fpu32.lib : exit.c.obj (.text)
                  00338dc5    00000028     DSP2833x_PieCtrl.obj (.text)
                  00338ded    00000024     rts2800_fpu32.lib : cpy_tbl.c.obj (.text)
                  00338e11    00000020     DSP2833x_PieVect.obj (.text)
                  00338e31    0000001d     sci.obj (.text:retain)
                  00338e4e    0000001d     rts2800_fpu32.lib : memcpy.c.obj (.text)
                  00338e6b    0000001b                       : fd_toul28.asm.obj (.text)
                  00338e86    00000019                       : args_main.c.obj (.text)
                  00338e9f    00000017     DSP2833x_Gpio.obj (.text)
                  00338eb6    00000017     rts2800_fpu32.lib : u_tofd28.asm.obj (.text)
                  00338ecd    0000000e                       : fd_sub28.asm.obj (.text)
                  00338edb    00000009                       : _lock.c.obj (.text)
                  00338ee4    00000008     DSP2833x_CodeStartBranch.obj (.text)
                  00338eec    00000002     rts2800_fpu32.lib : pre_init.c.obj (.text)
                  00338eee    00000001                       : startup.c.obj (.text)

codestart 
*          0    0033fff6    00000002     
                  0033fff6    00000002     DSP2833x_CodeStartBranch.obj (codestart)

.stack     1    00000400    00000300     UNINITIALIZED
                  00000400    00000300     --HOLE--

.ebss      1    0000c000    0000085a     
                  0000c000    0000081c     epwm.obj (.ebss) [fill = 0000]
                  0000c81c    00000018     DSP2833x_CpuTimers.obj (.ebss) [fill = 0000]
                  0000c834    0000000c     fan_epwm.obj (.ebss) [fill = 0000]
                  0000c840    00000006     mcbsp.obj (.ebss) [fill = 0000]
                  0000c846    00000006     rts2800_fpu32.lib : exit.c.obj (.ebss) [fill = 0000]
                  0000c84c    00000004     con_pid.obj (.ebss) [fill = 0000]
                  0000c850    00000002     rts2800_fpu32.lib : _lock.c.obj (.ebss:__lock) [fill = 0000]
                  0000c852    00000002                       : _lock.c.obj (.ebss:__unlock) [fill = 0000]
                  0000c854    00000002     dsp_adc.obj (.ebss:_adc_val) [fill = 0000]
                  0000c856    00000002     main.obj (.ebss) [fill = 0000]
                  0000c858    00000001     sci.obj (.ebss) [fill = 0000]
                  0000c859    00000001     system.obj (.ebss) [fill = 0000]

.econst    0    00338ef0    00000110     
                  00338ef0    00000100     DSP2833x_PieVect.obj (.econst:_PieVectTableInit)
                  00338ff0    00000010     system.obj (.econst)

.reset     0    003fffc0    00000002     DSECT
                  003fffc0    00000002     rts2800_fpu32.lib : boot28.asm.obj (.reset)

vectors    0    003fffc2    00000000     DSECT

.adc_cal   0    00380080    00000007     NOLOAD SECTION
                  00380080    00000007     DSP2833x_ADC_cal.obj (.adc_cal)

MODULE SUMMARY

       Module                            code   initialized data   uninitialized data
       ------                            ----   ----------------   ------------------
    .\
       main.obj                          101    7                  0                 
    +--+---------------------------------+------+------------------+--------------------+
       Total:                            101    7                  0                 
                                                                                     
    .\Hardware\DSP_ADC\
       dsp_adc.obj                       127    2                  0                 
    +--+---------------------------------+------+------------------+--------------------+
       Total:                            127    2                  0                 
                                                                                     
    .\Hardware\EPWM\
       epwm.obj                          1120   2091               0                 
    +--+---------------------------------+------+------------------+--------------------+
       Total:                            1120   2091               0                 
                                                                                     
    .\Hardware\FAN\
       fan_epwm.obj                      63     16                 0                 
    +--+---------------------------------+------+------------------+--------------------+
       Total:                            63     16                 0                 
                                                                                     
    .\Hardware\LED\
       led.obj                           120    0                  0                 
    +--+---------------------------------+------+------------------+--------------------+
       Total:                            120    0                  0                 
                                                                                     
    .\Hardware\Mcbsp\
       mcbsp.obj                         176    6                  0                 
    +--+---------------------------------+------+------------------+--------------------+
       Total:                            176    6                  0                 
                                                                                     
    .\Hardware\PID\
       con_pid.obj                       133    13                 0                 
    +--+---------------------------------+------+------------------+--------------------+
       Total:                            133    13                 0                 
                                                                                     
    .\Hardware\SCI\
       sci.obj                           647    5                  0                 
    +--+---------------------------------+------+------------------+--------------------+
       Total:                            647    5                  0                 
                                                                                     
    .\Hardware\System\
       system.obj                        253    21                 0                 
    +--+---------------------------------+------+------------------+--------------------+
       Total:                            253    21                 0                 
                                                                                     
    .\Lib\source\
       DSP2833x_GlobalVariableDefs.obj   0      0                  2679              
       DSP2833x_DefaultIsr.obj           790    0                  0                 
       DSP2833x_Mcbsp.obj                390    0                  0                 
       DSP2833x_SysCtrl.obj              302    0                  0                 
       DSP2833x_PieVect.obj              32     256                0                 
       DSP2833x_EPwm.obj                 190    0                  0                 
       DSP2833x_CpuTimers.obj            115    24                 0                 
       DSP2833x_Sci.obj                  70     0                  0                 
       DSP2833x_PieCtrl.obj              40     0                  0                 
       DSP2833x_Gpio.obj                 23     0                  0                 
       DSP2833x_CodeStartBranch.obj      10     0                  0                 
       DSP2833x_usDelay.obj              8      0                  0                 
       DSP2833x_ADC_cal.obj              7      0                  0                 
    +--+---------------------------------+------+------------------+--------------------+
       Total:                            1977   280                2679              
                                                                                     
    D:\ti\ccs920\ccs\tools\compiler\ti-cgt-c2000_18.12.3.LTS\lib\rts2800_fpu32.lib
       fd_add28.asm.obj                  156    0                  0                 
       fd_div28.asm.obj                  139    0                  0                 
       fs_div28.asm.obj                  136    0                  0                 
       fd_mpy28.asm.obj                  131    0                  0                 
       boot28.asm.obj                    86     0                  0                 
       exit.c.obj                        41     20                 0                 
       cpy_tbl.c.obj                     36     0                  0                 
       memcpy.c.obj                      29     0                  0                 
       fd_toul28.asm.obj                 27     0                  0                 
       args_main.c.obj                   25     0                  0                 
       _lock.c.obj                       9      14                 0                 
       u_tofd28.asm.obj                  23     0                  0                 
       fd_sub28.asm.obj                  14     0                  0                 
       pre_init.c.obj                    2      0                  0                 
       startup.c.obj                     1      0                  0                 
    +--+---------------------------------+------+------------------+--------------------+
       Total:                            855    34                 0                 
                                                                                     
       Stack:                            0      0                  768               
    +--+---------------------------------+------+------------------+--------------------+
       Grand Total:                      5572   2475               3447              


GLOBAL DATA SYMBOLS: SORTED BY DATA PAGE

address     data page           name
--------    ----------------    ----
00000400      10 (00000400)     __stack

00000880      22 (00000880)     _DevEmuRegs

00000a80      2a (00000a80)     _FlashRegs

00000ae0      2b (00000ac0)     _CsmRegs

00000b00      2c (00000b00)     _AdcMirror
00000b20      2c (00000b00)     _XintfRegs

00000c00      30 (00000c00)     _CpuTimer0Regs
00000c08      30 (00000c00)     _CpuTimer1Regs
00000c10      30 (00000c00)     _CpuTimer2Regs

00000ce0      33 (00000cc0)     _PieCtrlRegs

00000d00      34 (00000d00)     _PieVectTable

00001000      40 (00001000)     _DmaRegs

00005000     140 (00005000)     _McbspaRegs

00005040     141 (00005040)     _McbspbRegs

00006000     180 (00006000)     _ECanaRegs

00006040     181 (00006040)     _ECanaLAMRegs

00006080     182 (00006080)     _ECanaMOTSRegs

000060c0     183 (000060c0)     _ECanaMOTORegs

00006100     184 (00006100)     _ECanaMboxes

00006200     188 (00006200)     _ECanbRegs

00006240     189 (00006240)     _ECanbLAMRegs

00006280     18a (00006280)     _ECanbMOTSRegs

000062c0     18b (000062c0)     _ECanbMOTORegs

00006300     18c (00006300)     _ECanbMboxes

00006800     1a0 (00006800)     _EPwm1Regs

00006840     1a1 (00006840)     _EPwm2Regs

00006880     1a2 (00006880)     _EPwm3Regs

000068c0     1a3 (000068c0)     _EPwm4Regs

00006900     1a4 (00006900)     _EPwm5Regs

00006940     1a5 (00006940)     _EPwm6Regs

00006a00     1a8 (00006a00)     _ECap1Regs
00006a20     1a8 (00006a00)     _ECap2Regs

00006a40     1a9 (00006a40)     _ECap3Regs
00006a60     1a9 (00006a40)     _ECap4Regs

00006a80     1aa (00006a80)     _ECap5Regs
00006aa0     1aa (00006a80)     _ECap6Regs

00006b00     1ac (00006b00)     _EQep1Regs

00006b40     1ad (00006b40)     _EQep2Regs

00006f80     1be (00006f80)     _GpioCtrlRegs

00006fc0     1bf (00006fc0)     _GpioDataRegs
00006fe0     1bf (00006fc0)     _GpioIntRegs

00007010     1c0 (00007000)     _SysCtrlRegs

00007040     1c1 (00007040)     _SpiaRegs
00007050     1c1 (00007040)     _SciaRegs
00007070     1c1 (00007040)     _XIntruptRegs

00007100     1c4 (00007100)     _AdcRegs

00007750     1dd (00007740)     _ScibRegs
00007770     1dd (00007740)     _ScicRegs

00007900     1e4 (00007900)     _I2caRegs

0000c000     300 (0000c000)     _ePwm3Config_se
0000c004     300 (0000c000)     _ePwm4Config_se
0000c008     300 (0000c000)     _ePwm5Config_se
0000c00c     300 (0000c000)     _ePwm6Config_se
0000c010     300 (0000c000)     _ePwm3Control_st
0000c016     300 (0000c000)     _ePwm4Control_st
0000c01c     300 (0000c000)     _ePwm5Control_st
0000c022     300 (0000c000)     _ePwm6Control_st

0000c040     301 (0000c040)     _EPWM_nature_com

0000c81c     320 (0000c800)     _CpuTimer0
0000c824     320 (0000c800)     _CpuTimer1
0000c82c     320 (0000c800)     _CpuTimer2
0000c835     320 (0000c800)     _ePwm2FanConfig_se
0000c83a     320 (0000c800)     _ePwm2FanControl_st

0000c840     321 (0000c840)     _adas_sensor_origin_data
0000c846     321 (0000c840)     ___TI_enable_exit_profile_output
0000c848     321 (0000c840)     ___TI_cleanup_ptr
0000c84a     321 (0000c840)     ___TI_dtors_ptr
0000c84c     321 (0000c840)     _adasFlag
0000c84e     321 (0000c840)     _OUTPUT_V_EXPECT
0000c850     321 (0000c840)     __lock
0000c852     321 (0000c840)     __unlock
0000c854     321 (0000c840)     _adc_val
0000c859     321 (0000c840)     _led_Task_Count

00338ef0    ce3b (00338ec0)     _PieVectTableInit

0033fff8    cfff (0033ffc0)     _CsmPwl

00380090    e002 (00380080)     _PartIdRegs


GLOBAL SYMBOLS: SORTED ALPHABETICALLY BY Name 

page  address   name                            
----  -------   ----                            
0     00338000  .text                           
0     00338d9c  C$$EXIT                         
0     00338764  FD$$ADD                         
0     00338800  FD$$DIV                         
0     00338998  FD$$MPY                         
0     00338ecd  FD$$SUB                         
0     00338e6b  FD$$TOUL                        
0     0033888b  FS$$DIV                         
0     00338eb6  U$$TOFD                         
0     003380e6  _ADCINT_ISR                     
0     00338d67  _ADC_Init                       
0     00338d97  _ADC_StarCnv                    
0     00380080  _ADC_cal                        
1     00000b00  _AdcMirror                      
1     00007100  _AdcRegs                        
0     00338acc  _ConfigCpuTimer                 
1     0000c81c  _CpuTimer0                      
1     00000c00  _CpuTimer0Regs                  
1     0000c824  _CpuTimer1                      
1     00000c08  _CpuTimer1Regs                  
1     0000c82c  _CpuTimer2                      
1     00000c10  _CpuTimer2Regs                  
1     0033fff8  _CsmPwl                         
1     00000ae0  _CsmRegs                        
0     00338675  _CsmUnlock                      
0     00338014  _DATALOG_ISR                    
0     00338208  _DINTCH1_ISR                    
0     00338212  _DINTCH2_ISR                    
0     0033821c  _DINTCH3_ISR                    
0     00338226  _DINTCH4_ISR                    
0     00338230  _DINTCH5_ISR                    
0     0033823a  _DINTCH6_ISR                    
0     00008362  _DSP28x_usDelay                 
1     00000880  _DevEmuRegs                     
0     003385c1  _DisableDog                     
1     00001000  _DmaRegs                        
0     00338294  _ECAN0INTA_ISR                  
0     003382a8  _ECAN0INTB_ISR                  
0     0033829e  _ECAN1INTA_ISR                  
0     003382b2  _ECAN1INTB_ISR                  
0     0033817c  _ECAP1_INT_ISR                  
0     00338186  _ECAP2_INT_ISR                  
0     00338190  _ECAP3_INT_ISR                  
0     0033819a  _ECAP4_INT_ISR                  
0     003381a4  _ECAP5_INT_ISR                  
0     003381ae  _ECAP6_INT_ISR                  
1     00006040  _ECanaLAMRegs                   
1     000060c0  _ECanaMOTORegs                  
1     00006080  _ECanaMOTSRegs                  
1     00006100  _ECanaMboxes                    
1     00006000  _ECanaRegs                      
1     00006240  _ECanbLAMRegs                   
1     000062c0  _ECanbMOTORegs                  
1     00006280  _ECanbMOTSRegs                  
1     00006300  _ECanbMboxes                    
1     00006200  _ECanbRegs                      
1     00006a00  _ECap1Regs                      
1     00006a20  _ECap2Regs                      
1     00006a40  _ECap3Regs                      
1     00006a60  _ECap4Regs                      
1     00006a80  _ECap5Regs                      
1     00006aa0  _ECap6Regs                      
0     00338028  _EMUINT_ISR                     
0     00338140  _EPWM1_INT_ISR                  
0     00338104  _EPWM1_TZINT_ISR                
0     0033814a  _EPWM2_INT_ISR                  
0     0033810e  _EPWM2_TZINT_ISR                
0     00338154  _EPWM3_INT_ISR                  
0     00338118  _EPWM3_TZINT_ISR                
0     0033815e  _EPWM4_INT_ISR                  
0     00338122  _EPWM4_TZINT_ISR                
0     00338168  _EPWM5_INT_ISR                  
0     0033812c  _EPWM5_TZINT_ISR                
0     00338172  _EPWM6_INT_ISR                  
0     00338136  _EPWM6_TZINT_ISR                
1     0000c040  _EPWM_nature_com                
1     00006800  _EPwm1Regs                      
1     00006840  _EPwm2Regs                      
1     00006880  _EPwm3Regs                      
1     000068c0  _EPwm4Regs                      
1     00006900  _EPwm5Regs                      
1     00006940  _EPwm6Regs                      
0     003381b8  _EQEP1_INT_ISR                  
0     003381c2  _EQEP2_INT_ISR                  
1     00006b00  _EQep1Regs                      
1     00006b40  _EQep2Regs                      
0     00338de4  _EnableInterrupts               
1     00000a80  _FlashRegs                      
1     00006f80  _GpioCtrlRegs                   
1     00006fc0  _GpioDataRegs                   
1     00006fe0  _GpioIntRegs                    
0     00338244  _I2CINT1A_ISR                   
0     0033824e  _I2CINT2A_ISR                   
1     00007900  _I2caRegs                       
0     0033803c  _ILLEGAL_ISR                    
0     00338000  _INT13_ISR                      
0     0033800a  _INT14_ISR                      
0     00338a93  _InitCpuTimers                  
0     003386a6  _InitEPwm                       
0     003386b0  _InitEPwm1Gpio                  
0     003386c2  _InitEPwm2Gpio                  
0     003386ce  _InitEPwm3Gpio                  
0     003386e2  _InitEPwm4Gpio                  
0     003386f6  _InitEPwm5Gpio                  
0     00338708  _InitEPwm6Gpio                  
0     003386a7  _InitEPwmGpio                   
0     0033871a  _InitEPwmSyncGpio               
0     00008311  _InitFlash                      
0     00338e9f  _InitGpio                       
0     00338316  _InitMcbsp                      
0     0033841b  _InitMcbspGpio                  
0     00338319  _InitMcbspa                     
0     003383a6  _InitMcbspa12bit                
0     003383b1  _InitMcbspa16bit                
0     003383bc  _InitMcbspa20bit                
0     003383c7  _InitMcbspa24bit                
0     003383d2  _InitMcbspa32bit                
0     0033839f  _InitMcbspa8bit                 
0     0033841e  _InitMcbspaGpio                 
0     00338345  _InitMcbspb                     
0     003383e4  _InitMcbspb12bit                
0     003383ef  _InitMcbspb16bit                
0     003383fa  _InitMcbspb20bit                
0     00338405  _InitMcbspb24bit                
0     00338410  _InitMcbspb32bit                
0     003383dd  _InitMcbspb8bit                 
0     00338458  _InitMcbspbGpio                 
0     0033861a  _InitPeripheralClocks           
0     00338dc5  _InitPieCtrl                    
0     00338e11  _InitPieVectTable               
0     003385c9  _InitPll                        
0     00338ce2  _InitSci                        
0     00338ce3  _InitSciGpio                    
0     00338ce8  _InitSciaGpio                   
0     00338cfe  _InitScibGpio                   
0     00338d12  _InitScicGpio                   
0     003385ae  _InitSysCtrl                    
0     0033872e  _InitTzGpio                     
0     003382f8  _LUF_ISR                        
0     003382ee  _LVF_ISR                        
0     00338a3b  _Led_Display                    
0     00338a1b  _Led_Init                       
0     003381f4  _MRINTA_ISR                     
0     003381e0  _MRINTB_ISR                     
0     003381fe  _MXINTA_ISR                     
0     003381ea  _MXINTB_ISR                     
0     00338b06  _McBSP_Init                     
0     00338b1f  _McBSP_write                    
0     00338b2e  _McBSP_write_no                 
0     00008351  _Mcbsp_SPI_RxINTB_ISR           
0     00338b28  _Mcbsp_read                     
1     00005000  _McbspaRegs                     
1     00005040  _McbspbRegs                     
0     00338032  _NMI_ISR                        
1     0000c84e  _OUTPUT_V_EXPECT                
0     00338302  _PIE_RESERVED                   
1     00380090  _PartIdRegs                     
1     00000ce0  _PieCtrlRegs                    
1     00000d00  _PieVectTable                   
0     00338ef0  _PieVectTableInit               
0     0033801e  _RTOSINT_ISR                    
0     00320366  _RamfuncsLoadEnd                
0     00320000  _RamfuncsLoadStart              
0     00008000  _RamfuncsRunStart               
0     0033826c  _SCIRXINTA_ISR                  
0     00338280  _SCIRXINTB_ISR                  
0     00338258  _SCIRXINTC_ISR                  
0     00338276  _SCITXINTA_ISR                  
0     0033828a  _SCITXINTB_ISR                  
0     00338262  _SCITXINTC_ISR                  
0     0033849c  _SCIa_Init                      
0     00008223  _SCIa_RxFIFOInt                 
0     000081d6  _SCIa_sendBuff                  
0     000081c9  _SCIa_sendOneByte               
0     003384f6  _SCIb_Init                      
0     00338e31  _SCIb_RxFIFOInt                 
0     000081f4  _SCIb_sendBuff                  
0     000081e7  _SCIb_sendOneByte               
0     00338552  _SCIc_Init                      
0     0000823a  _SCIc_RxFIFOInt                 
0     00008212  _SCIc_sendBuff                  
0     00008205  _SCIc_sendOneByte               
0     003380be  _SEQ1INT_ISR                    
0     003380c8  _SEQ2INT_ISR                    
0     003381cc  _SPIRXINTA_ISR                  
0     003381d6  _SPITXINTA_ISR                  
1     00007050  _SciaRegs                       
1     00007750  _ScibRegs                       
1     00007770  _ScicRegs                       
0     003385b7  _ServiceDog                     
1     00007040  _SpiaRegs                       
1     00007010  _SysCtrlRegs                    
0     003380f0  _TINT0_ISR                      
0     003380a0  _USER10_ISR                     
0     003380aa  _USER11_ISR                     
0     003380b4  _USER12_ISR                     
0     00338046  _USER1_ISR                      
0     00338050  _USER2_ISR                      
0     0033805a  _USER3_ISR                      
0     00338064  _USER4_ISR                      
0     0033806e  _USER5_ISR                      
0     00338078  _USER6_ISR                      
0     00338082  _USER7_ISR                      
0     0033808c  _USER8_ISR                      
0     00338096  _USER9_ISR                      
0     003380fa  _WAKEINT_ISR                    
0     003380d2  _XINT1_ISR                      
0     003380dc  _XINT2_ISR                      
0     003382bc  _XINT3_ISR                      
0     003382c6  _XINT4_ISR                      
0     003382d0  _XINT5_ISR                      
0     003382da  _XINT6_ISR                      
0     003382e4  _XINT7_ISR                      
1     00007070  _XIntruptRegs                   
1     00000b20  _XintfRegs                      
1     00000700  __STACK_END                     
abs   00000300  __STACK_SIZE                    
1     0000c848  ___TI_cleanup_ptr               
1     0000c84a  ___TI_dtors_ptr                 
1     0000c846  ___TI_enable_exit_profile_output
abs   ffffffff  ___TI_pprof_out_hndl            
abs   ffffffff  ___TI_prof_data_size            
abs   ffffffff  ___TI_prof_data_start           
abs   ffffffff  ___binit__                      
abs   ffffffff  ___c_args__                     
0     00339000  ___cinit__                      
0     00338eef  ___etext__                      
abs   ffffffff  ___pinit__                      
0     00338000  ___text__                       
0     00338e86  __args_main                     
1     0000c850  __lock                          
0     00338ee3  __nop                           
0     00338edf  __register_lock                 
0     00338edb  __register_unlock               
1     00000400  __stack                         
0     00338eee  __system_post_cinit             
0     00338eec  __system_pre_init               
1     0000c852  __unlock                        
0     00338d9c  _abort                          
0     00338b35  _adas3022_Init                  
0     00338b5f  _adas3022_Reset                 
0     00338b4f  _adas3022_ResetGpioInit         
0     00338b4b  _adas3022_StarCnv               
0     00008340  _adas3022_StartWork             
0     00338b45  _adas3022_WREG                  
1     0000c84c  _adasFlag                       
1     0000c840  _adas_sensor_origin_data        
0     000082ec  _adc_isr                        
1     0000c854  _adc_val                        
0     00338c3b  _c_int00                        
0     00338486  _clkg_delay_loop                
0     00338ded  _copy_in                        
0     00338cc5  _cpuTimer0Init                  
0     0000832c  _cpu_timer0_isr                 
0     00338470  _delay_loop                     
0     00008275  _delay_ms                       
0     000080ee  _ePWMConfig_Init                
0     00338c30  _ePWM_DISABLE                   
0     00338c25  _ePWM_EN                        
0     00338bfd  _ePWM_EnGpio                    
0     00008000  _ePWM_Init                      
0     0000808b  _ePWMparameter_Init             
0     00008100  _ePWMx_Init                     
0     0000818f  _ePWMx_setDuty                  
1     0000c835  _ePwm2FanConfig_se              
1     0000c83a  _ePwm2FanControl_st             
1     0000c000  _ePwm3Config_se                 
1     0000c010  _ePwm3Control_st                
1     0000c004  _ePwm4Config_se                 
1     0000c016  _ePwm4Control_st                
1     0000c008  _ePwm5Config_se                 
1     0000c01c  _ePwm5Control_st                
1     0000c00c  _ePwm6Config_se                 
1     0000c022  _ePwm6Control_st                
0     000082b7  _epwm3_isr                      
0     00338bd7  _epwm_Mos_Init                  
0     00338d9e  _exit                           
0     00338d57  _fanControl                     
0     00338d28  _fanEpwm_Init                   
1     0000c859  _led_Task_Count                 
0     00338b72  _main                           
0     00338e4e  _memcpy                         
0     0033830c  _rsvd_ISR                       
0     00338ca4  _sys_init                       
0     00338913  _systemControl                  
abs   ffffffff  binit                           
0     00339000  cinit                           
0     0033fff6  code_start                      
0     00338eef  etext                           
abs   ffffffff  pinit                           


GLOBAL SYMBOLS: SORTED BY Symbol Address 

page  address   name                            
----  -------   ----                            
0     00008000  _RamfuncsRunStart               
0     00008000  _ePWM_Init                      
0     0000808b  _ePWMparameter_Init             
0     000080ee  _ePWMConfig_Init                
0     00008100  _ePWMx_Init                     
0     0000818f  _ePWMx_setDuty                  
0     000081c9  _SCIa_sendOneByte               
0     000081d6  _SCIa_sendBuff                  
0     000081e7  _SCIb_sendOneByte               
0     000081f4  _SCIb_sendBuff                  
0     00008205  _SCIc_sendOneByte               
0     00008212  _SCIc_sendBuff                  
0     00008223  _SCIa_RxFIFOInt                 
0     0000823a  _SCIc_RxFIFOInt                 
0     00008275  _delay_ms                       
0     000082b7  _epwm3_isr                      
0     000082ec  _adc_isr                        
0     00008311  _InitFlash                      
0     0000832c  _cpu_timer0_isr                 
0     00008340  _adas3022_StartWork             
0     00008351  _Mcbsp_SPI_RxINTB_ISR           
0     00008362  _DSP28x_usDelay                 
0     00320000  _RamfuncsLoadStart              
0     00320366  _RamfuncsLoadEnd                
0     00338000  .text                           
0     00338000  _INT13_ISR                      
0     00338000  ___text__                       
0     0033800a  _INT14_ISR                      
0     00338014  _DATALOG_ISR                    
0     0033801e  _RTOSINT_ISR                    
0     00338028  _EMUINT_ISR                     
0     00338032  _NMI_ISR                        
0     0033803c  _ILLEGAL_ISR                    
0     00338046  _USER1_ISR                      
0     00338050  _USER2_ISR                      
0     0033805a  _USER3_ISR                      
0     00338064  _USER4_ISR                      
0     0033806e  _USER5_ISR                      
0     00338078  _USER6_ISR                      
0     00338082  _USER7_ISR                      
0     0033808c  _USER8_ISR                      
0     00338096  _USER9_ISR                      
0     003380a0  _USER10_ISR                     
0     003380aa  _USER11_ISR                     
0     003380b4  _USER12_ISR                     
0     003380be  _SEQ1INT_ISR                    
0     003380c8  _SEQ2INT_ISR                    
0     003380d2  _XINT1_ISR                      
0     003380dc  _XINT2_ISR                      
0     003380e6  _ADCINT_ISR                     
0     003380f0  _TINT0_ISR                      
0     003380fa  _WAKEINT_ISR                    
0     00338104  _EPWM1_TZINT_ISR                
0     0033810e  _EPWM2_TZINT_ISR                
0     00338118  _EPWM3_TZINT_ISR                
0     00338122  _EPWM4_TZINT_ISR                
0     0033812c  _EPWM5_TZINT_ISR                
0     00338136  _EPWM6_TZINT_ISR                
0     00338140  _EPWM1_INT_ISR                  
0     0033814a  _EPWM2_INT_ISR                  
0     00338154  _EPWM3_INT_ISR                  
0     0033815e  _EPWM4_INT_ISR                  
0     00338168  _EPWM5_INT_ISR                  
0     00338172  _EPWM6_INT_ISR                  
0     0033817c  _ECAP1_INT_ISR                  
0     00338186  _ECAP2_INT_ISR                  
0     00338190  _ECAP3_INT_ISR                  
0     0033819a  _ECAP4_INT_ISR                  
0     003381a4  _ECAP5_INT_ISR                  
0     003381ae  _ECAP6_INT_ISR                  
0     003381b8  _EQEP1_INT_ISR                  
0     003381c2  _EQEP2_INT_ISR                  
0     003381cc  _SPIRXINTA_ISR                  
0     003381d6  _SPITXINTA_ISR                  
0     003381e0  _MRINTB_ISR                     
0     003381ea  _MXINTB_ISR                     
0     003381f4  _MRINTA_ISR                     
0     003381fe  _MXINTA_ISR                     
0     00338208  _DINTCH1_ISR                    
0     00338212  _DINTCH2_ISR                    
0     0033821c  _DINTCH3_ISR                    
0     00338226  _DINTCH4_ISR                    
0     00338230  _DINTCH5_ISR                    
0     0033823a  _DINTCH6_ISR                    
0     00338244  _I2CINT1A_ISR                   
0     0033824e  _I2CINT2A_ISR                   
0     00338258  _SCIRXINTC_ISR                  
0     00338262  _SCITXINTC_ISR                  
0     0033826c  _SCIRXINTA_ISR                  
0     00338276  _SCITXINTA_ISR                  
0     00338280  _SCIRXINTB_ISR                  
0     0033828a  _SCITXINTB_ISR                  
0     00338294  _ECAN0INTA_ISR                  
0     0033829e  _ECAN1INTA_ISR                  
0     003382a8  _ECAN0INTB_ISR                  
0     003382b2  _ECAN1INTB_ISR                  
0     003382bc  _XINT3_ISR                      
0     003382c6  _XINT4_ISR                      
0     003382d0  _XINT5_ISR                      
0     003382da  _XINT6_ISR                      
0     003382e4  _XINT7_ISR                      
0     003382ee  _LVF_ISR                        
0     003382f8  _LUF_ISR                        
0     00338302  _PIE_RESERVED                   
0     0033830c  _rsvd_ISR                       
0     00338316  _InitMcbsp                      
0     00338319  _InitMcbspa                     
0     00338345  _InitMcbspb                     
0     0033839f  _InitMcbspa8bit                 
0     003383a6  _InitMcbspa12bit                
0     003383b1  _InitMcbspa16bit                
0     003383bc  _InitMcbspa20bit                
0     003383c7  _InitMcbspa24bit                
0     003383d2  _InitMcbspa32bit                
0     003383dd  _InitMcbspb8bit                 
0     003383e4  _InitMcbspb12bit                
0     003383ef  _InitMcbspb16bit                
0     003383fa  _InitMcbspb20bit                
0     00338405  _InitMcbspb24bit                
0     00338410  _InitMcbspb32bit                
0     0033841b  _InitMcbspGpio                  
0     0033841e  _InitMcbspaGpio                 
0     00338458  _InitMcbspbGpio                 
0     00338470  _delay_loop                     
0     00338486  _clkg_delay_loop                
0     0033849c  _SCIa_Init                      
0     003384f6  _SCIb_Init                      
0     00338552  _SCIc_Init                      
0     003385ae  _InitSysCtrl                    
0     003385b7  _ServiceDog                     
0     003385c1  _DisableDog                     
0     003385c9  _InitPll                        
0     0033861a  _InitPeripheralClocks           
0     00338675  _CsmUnlock                      
0     003386a6  _InitEPwm                       
0     003386a7  _InitEPwmGpio                   
0     003386b0  _InitEPwm1Gpio                  
0     003386c2  _InitEPwm2Gpio                  
0     003386ce  _InitEPwm3Gpio                  
0     003386e2  _InitEPwm4Gpio                  
0     003386f6  _InitEPwm5Gpio                  
0     00338708  _InitEPwm6Gpio                  
0     0033871a  _InitEPwmSyncGpio               
0     0033872e  _InitTzGpio                     
0     00338764  FD$$ADD                         
0     00338800  FD$$DIV                         
0     0033888b  FS$$DIV                         
0     00338913  _systemControl                  
0     00338998  FD$$MPY                         
0     00338a1b  _Led_Init                       
0     00338a3b  _Led_Display                    
0     00338a93  _InitCpuTimers                  
0     00338acc  _ConfigCpuTimer                 
0     00338b06  _McBSP_Init                     
0     00338b1f  _McBSP_write                    
0     00338b28  _Mcbsp_read                     
0     00338b2e  _McBSP_write_no                 
0     00338b35  _adas3022_Init                  
0     00338b45  _adas3022_WREG                  
0     00338b4b  _adas3022_StarCnv               
0     00338b4f  _adas3022_ResetGpioInit         
0     00338b5f  _adas3022_Reset                 
0     00338b72  _main                           
0     00338bd7  _epwm_Mos_Init                  
0     00338bfd  _ePWM_EnGpio                    
0     00338c25  _ePWM_EN                        
0     00338c30  _ePWM_DISABLE                   
0     00338c3b  _c_int00                        
0     00338ca4  _sys_init                       
0     00338cc5  _cpuTimer0Init                  
0     00338ce2  _InitSci                        
0     00338ce3  _InitSciGpio                    
0     00338ce8  _InitSciaGpio                   
0     00338cfe  _InitScibGpio                   
0     00338d12  _InitScicGpio                   
0     00338d28  _fanEpwm_Init                   
0     00338d57  _fanControl                     
0     00338d67  _ADC_Init                       
0     00338d97  _ADC_StarCnv                    
0     00338d9c  C$$EXIT                         
0     00338d9c  _abort                          
0     00338d9e  _exit                           
0     00338dc5  _InitPieCtrl                    
0     00338de4  _EnableInterrupts               
0     00338ded  _copy_in                        
0     00338e11  _InitPieVectTable               
0     00338e31  _SCIb_RxFIFOInt                 
0     00338e4e  _memcpy                         
0     00338e6b  FD$$TOUL                        
0     00338e86  __args_main                     
0     00338e9f  _InitGpio                       
0     00338eb6  U$$TOFD                         
0     00338ecd  FD$$SUB                         
0     00338edb  __register_unlock               
0     00338edf  __register_lock                 
0     00338ee3  __nop                           
0     00338eec  __system_pre_init               
0     00338eee  __system_post_cinit             
0     00338eef  ___etext__                      
0     00338eef  etext                           
0     00338ef0  _PieVectTableInit               
0     00339000  ___cinit__                      
0     00339000  cinit                           
0     0033fff6  code_start                      
0     00380080  _ADC_cal                        
1     00000400  __stack                         
1     00000700  __STACK_END                     
1     00000880  _DevEmuRegs                     
1     00000a80  _FlashRegs                      
1     00000ae0  _CsmRegs                        
1     00000b00  _AdcMirror                      
1     00000b20  _XintfRegs                      
1     00000c00  _CpuTimer0Regs                  
1     00000c08  _CpuTimer1Regs                  
1     00000c10  _CpuTimer2Regs                  
1     00000ce0  _PieCtrlRegs                    
1     00000d00  _PieVectTable                   
1     00001000  _DmaRegs                        
1     00005000  _McbspaRegs                     
1     00005040  _McbspbRegs                     
1     00006000  _ECanaRegs                      
1     00006040  _ECanaLAMRegs                   
1     00006080  _ECanaMOTSRegs                  
1     000060c0  _ECanaMOTORegs                  
1     00006100  _ECanaMboxes                    
1     00006200  _ECanbRegs                      
1     00006240  _ECanbLAMRegs                   
1     00006280  _ECanbMOTSRegs                  
1     000062c0  _ECanbMOTORegs                  
1     00006300  _ECanbMboxes                    
1     00006800  _EPwm1Regs                      
1     00006840  _EPwm2Regs                      
1     00006880  _EPwm3Regs                      
1     000068c0  _EPwm4Regs                      
1     00006900  _EPwm5Regs                      
1     00006940  _EPwm6Regs                      
1     00006a00  _ECap1Regs                      
1     00006a20  _ECap2Regs                      
1     00006a40  _ECap3Regs                      
1     00006a60  _ECap4Regs                      
1     00006a80  _ECap5Regs                      
1     00006aa0  _ECap6Regs                      
1     00006b00  _EQep1Regs                      
1     00006b40  _EQep2Regs                      
1     00006f80  _GpioCtrlRegs                   
1     00006fc0  _GpioDataRegs                   
1     00006fe0  _GpioIntRegs                    
1     00007010  _SysCtrlRegs                    
1     00007040  _SpiaRegs                       
1     00007050  _SciaRegs                       
1     00007070  _XIntruptRegs                   
1     00007100  _AdcRegs                        
1     00007750  _ScibRegs                       
1     00007770  _ScicRegs                       
1     00007900  _I2caRegs                       
1     0000c000  _ePwm3Config_se                 
1     0000c004  _ePwm4Config_se                 
1     0000c008  _ePwm5Config_se                 
1     0000c00c  _ePwm6Config_se                 
1     0000c010  _ePwm3Control_st                
1     0000c016  _ePwm4Control_st                
1     0000c01c  _ePwm5Control_st                
1     0000c022  _ePwm6Control_st                
1     0000c040  _EPWM_nature_com                
1     0000c81c  _CpuTimer0                      
1     0000c824  _CpuTimer1                      
1     0000c82c  _CpuTimer2                      
1     0000c835  _ePwm2FanConfig_se              
1     0000c83a  _ePwm2FanControl_st             
1     0000c840  _adas_sensor_origin_data        
1     0000c846  ___TI_enable_exit_profile_output
1     0000c848  ___TI_cleanup_ptr               
1     0000c84a  ___TI_dtors_ptr                 
1     0000c84c  _adasFlag                       
1     0000c84e  _OUTPUT_V_EXPECT                
1     0000c850  __lock                          
1     0000c852  __unlock                        
1     0000c854  _adc_val                        
1     0000c859  _led_Task_Count                 
1     0033fff8  _CsmPwl                         
1     00380090  _PartIdRegs                     
abs   00000300  __STACK_SIZE                    
abs   ffffffff  ___TI_pprof_out_hndl            
abs   ffffffff  ___TI_prof_data_size            
abs   ffffffff  ___TI_prof_data_start           
abs   ffffffff  ___binit__                      
abs   ffffffff  ___c_args__                     
abs   ffffffff  ___pinit__                      
abs   ffffffff  binit                           
abs   ffffffff  pinit                           

[290 symbols]
